
 Start  Stop   Length Name               Class

 00000H 05340H 05341H _TEXT              CODE
 05341H 06042H 00D02H CONTROL_TEXT       CODE
 06043H 065C4H 00582H HISTORY_TEXT       CODE
 065C5H 066A1H 000DDH UTIL_TEXT          CODE
 066A2H 06EE1H 00840H NOW_TEXT           CODE
 06EE2H 07005H 00124H SETUP_TEXT         CODE
 07006H 0844DH 01448H DIALOG_TEXT        CODE
 0844EH 08EB5H 00A68H WAITSEND_TEXT      CODE
 08EB6H 09204H 0034FH MAIN_TEXT          CODE
 09205H 09475H 00271H DEL_TEXT           CODE
 09476H 09709H 00294H NEW_TEXT           CODE
 0970AH 09B2FH 00426H RS232_TEXT         CODE
 09B30H 09FB0H 00481H SELECT_TEXT        CODE
 09FB1H 0A768H 007B8H ADDDEC_TEXT        CODE
 0A769H 0AF0BH 007A3H BAR3D_TEXT         CODE
 0AF0CH 0B0ECH 001E1H BASIC_TEXT         CODE
 0B0EDH 0C693H 015A7H BOYTEST_TEXT       CODE
 0C694H 0D63BH 00FA8H BOY_KEY_TEXT       CODE
 0D63CH 0E141H 00B06H CHECK_TEXT         CODE
 0E142H 0F84EH 0170DH CHINESE_TEXT       CODE
 0F84FH 10C5BH 0140DH COMBO_TEXT         CODE
 10C5CH 10FAAH 0034FH DESKTOP_TEXT       CODE
 10FABH 1197DH 009D3H DIRLIST_TEXT       CODE
 1197EH 11D31H 003B4H DRIVLIST_TEXT      CODE
 11D32H 1241AH 006E9H FILELIST_TEXT      CODE
 1241BH 1266DH 00253H FRAME_TEXT         CODE
 1266EH 139B1H 01344H IMAGE_TEXT         CODE
 139B2H 1510FH 0175EH INPUTBOX_TEXT      CODE
 15110H 15C6BH 00B5CH LABEL_TEXT         CODE
 15C6CH 15E2AH 001BFH LINE_TEXT          CODE
 15E2BH 16A08H 00BDEH LISTED_TEXT        CODE
 16A09H 195DEH 02BD6H MENU_TEXT          CODE
 195DFH 1976DH 0018FH MOUSE_TEXT         CODE
 1976EH 1A9FFH 01292H OPTION_TEXT        CODE
 1AA00H 1B41AH 00A1BH OUTTEXT_TEXT       CODE
 1B41BH 1C841H 01427H PY_TEXT            CODE
 1C842H 1F15BH 0291AH SCROLL_TEXT        CODE
 1F15CH 24129H 04FCEH WINDOWS_TEXT       CODE
 2412AH 2474BH 00622H EMS_TEXT           CODE
 2474CH 24ADCH 00391H XMS_TEXT           CODE
 24AE0H 27246H 02767H EMU_PROG           CODE
 27250H 27817H 005C8H E87_PROG           CODE
 27820H 2B48FH 03C70H _BGI_TEXT          CODE
 2B490H 2B490H 00000H _FARDATA           FAR_DATA
 2B490H 2E28FH 02E00H DIRLIST5_DATA      FAR_DATA
 2E290H 3628EH 07FFFH IMAGE5_DATA        FAR_DATA
 36290H 36380H 000F1H PY5_DATA           FAR_DATA
 36390H 36390H 00000H _FARBSS            FAR_BSS
 36390H 36393H 00004H _COMDEF_AA_        FAR_BSS
 363A0H 363EFH 00050H _COMDEF_AB_        FAR_BSS
 363F0H 3642BH 0003CH _COMDEF_AC_        FAR_BSS
 36430H 36431H 00002H _COMDEF_AD_        FAR_BSS
 36440H 3648FH 00050H _COMDEF_AE_        FAR_BSS
 36490H 36491H 00002H _COMDEF_AF_        FAR_BSS
 364A0H 364A9H 0000AH _COMDEF_AG_        FAR_BSS
 364B0H 364FFH 00050H _COMDEF_AH_        FAR_BSS
 36500H 3654FH 00050H _COMDEF_AI_        FAR_BSS
 36550H 36551H 00002H _COMDEF_AJ_        FAR_BSS
 36560H 36563H 00004H _COMDEF_AK_        FAR_BSS
 36570H 3676FH 00200H _COMDEF_AL_        FAR_BSS
 36770H 36771H 00002H _COMDEF_AM_        FAR_BSS
 36780H 36781H 00002H _COMDEF_AN_        FAR_BSS
 36790H 36790H 00000H _OVERLAY_          OVRINFO
 36790H 36790H 00000H _1STUB_            STUBSEG
 36790H 42A48H 0C2B9H _DATA              DATA
 42A4AH 42A4DH 00004H _CVTSEG            DATA
 42A4EH 42A59H 0000CH _SCNSEG            DATA
 42A5AH 42A5AH 00000H GRAPH              DATA
 42A5AH 42A5AH 00000H _CONST             CONST
 42A5AH 42A6BH 00012H _INIT_             INITDATA
 42A6CH 42A6CH 00000H _INITEND_          INITDATA
 42A6CH 42A71H 00006H _EXIT_             EXITDATA
 42A72H 42A72H 00000H _EXITEND_          EXITDATA
 42A72H 45129H 026B8H _BSS               BSS
 4512AH 4512AH 00000H _BSSEND            BSSEND
 45130H 4523FH 00110H _STACK             STACK


Detailed map of segments

 0000:0000 0217 C=CODE   S=_TEXT          G=(none)  M=c0.ASM     ACBP=28
 0000:0220 01E3 C=CODE   S=_TEXT          G=(none)  M=GR         ACBP=68
 0000:0403 0258 C=CODE   S=_TEXT          G=(none)  M=FPINIT     ACBP=28
 0000:065B 0000 C=CODE   S=_TEXT          G=(none)  M=E87TRAP    ACBP=28
 0000:065B 0000 C=CODE   S=_TEXT          G=(none)  M=PROTFLAG   ACBP=28
 0000:065B 0000 C=CODE   S=_TEXT          G=(none)  M=DEFLT87    ACBP=28
 0000:065B 0019 C=CODE   S=_TEXT          G=(none)  M=ATOF       ACBP=28
 0000:0674 00AE C=CODE   S=_TEXT          G=(none)  M=FPERR      ACBP=28
 0000:0722 0000 C=CODE   S=_TEXT          G=(none)  M=HUGEVAL    ACBP=28
 0000:0722 009B C=CODE   S=_TEXT          G=(none)  M=LDTRUNC    ACBP=28
 0000:07BD 00C8 C=CODE   S=_TEXT          G=(none)  M=POW10      ACBP=28
 0000:0885 01B5 C=CODE   S=_TEXT          G=(none)  M=REALCVT    ACBP=28
 0000:0A3A 0392 C=CODE   S=_TEXT          G=(none)  M=SCANTOD    ACBP=28
 0000:0DCC 00BC C=CODE   S=_TEXT          G=(none)  M=STRTOD     ACBP=28
 0000:0E88 01E6 C=CODE   S=_TEXT          G=(none)  M=XCVT       ACBP=28
 0000:106E 002C C=CODE   S=_TEXT          G=(none)  M=FFTOL      ACBP=28
 0000:109A 003B C=CODE   S=_TEXT          G=(none)  M=ACCESS     ACBP=28
 0000:10D5 002D C=CODE   S=_TEXT          G=(none)  M=ATEXIT     ACBP=28
 0000:1102 005F C=CODE   S=_TEXT          G=(none)  M=CALLOC     ACBP=28
 0000:1161 002D C=CODE   S=_TEXT          G=(none)  M=CLOSE      ACBP=28
 0000:118E 014E C=CODE   S=_TEXT          G=(none)  M=CPRINTF    ACBP=28
 0000:12DC 0000 C=CODE   S=_TEXT          G=(none)  M=CTYPE      ACBP=28
 0000:12DC 0026 C=CODE   S=_TEXT          G=(none)  M=EXIT       ACBP=28
 0000:1302 012C C=CODE   S=_TEXT          G=(none)  M=FBRK       ACBP=28
 0000:142E 00AF C=CODE   S=_TEXT          G=(none)  M=FCLOSE     ACBP=28
 0000:14DD 0052 C=CODE   S=_TEXT          G=(none)  M=FCORELFT   ACBP=28
 0000:152F 00CB C=CODE   S=_TEXT          G=(none)  M=FFLUSH     ACBP=28
 0000:15FA 0000 C=CODE   S=_TEXT          G=(none)  M=FILES      ACBP=28
 0000:15FA 0000 C=CODE   S=_TEXT          G=(none)  M=FILES2     ACBP=28
 0000:15FA 0043 C=CODE   S=_TEXT          G=(none)  M=FLUSHALL   ACBP=28
 0000:163D 0000 C=CODE   S=_TEXT          G=(none)  M=FMODE      ACBP=28
 0000:163D 00BD C=CODE   S=_TEXT          G=(none)  M=FNMERGE    ACBP=28
 0000:16FA 02B3 C=CODE   S=_TEXT          G=(none)  M=FNSPLIT    ACBP=28
 0000:19AD 0284 C=CODE   S=_TEXT          G=(none)  M=FOPEN      ACBP=28
 0000:1C31 001C C=CODE   S=_TEXT          G=(none)  M=FPRINTF    ACBP=28
 0000:1C4D 0000 C=CODE   S=_TEXT          G=(none)  M=FPSTKLEN   ACBP=28
 0000:1C4D 0183 C=CODE   S=_TEXT          G=(none)  M=FREAD      ACBP=28
 0000:1DD0 0024 C=CODE   S=_TEXT          G=(none)  M=FSCANF     ACBP=28
 0000:1DF4 0156 C=CODE   S=_TEXT          G=(none)  M=FSEEK      ACBP=28
 0000:1F4A 0090 C=CODE   S=_TEXT          G=(none)  M=FWRITE     ACBP=28
 0000:1FDA 0026 C=CODE   S=_TEXT          G=(none)  M=GETDATE    ACBP=28
 0000:2000 000E C=CODE   S=_TEXT          G=(none)  M=GEXIT      ACBP=28
 0000:200E 0012 C=CODE   S=_TEXT          G=(none)  M=GFREEMEM   ACBP=28
 0000:2020 000E C=CODE   S=_TEXT          G=(none)  M=GGETMEM    ACBP=28
 0000:202E 00A6 C=CODE   S=_TEXT          G=(none)  M=MOVETEXT   ACBP=28
 0000:20D4 001B C=CODE   S=_TEXT          G=(none)  M=PRINTF     ACBP=28
 0000:20EF 032F C=CODE   S=_TEXT          G=(none)  M=PUTC       ACBP=28
 0000:241E 0017 C=CODE   S=_TEXT          G=(none)  M=PUTCH      ACBP=28
 0000:2435 01B8 C=CODE   S=_TEXT          G=(none)  M=SCREEN     ACBP=28
 0000:25ED 00DA C=CODE   S=_TEXT          G=(none)  M=SCROLL     ACBP=28
 0000:26C7 0079 C=CODE   S=_TEXT          G=(none)  M=SETUPIO    ACBP=28
 0000:2740 011F C=CODE   S=_TEXT          G=(none)  M=SETVBUF    ACBP=28
 0000:285F 0000 C=CODE   S=_TEXT          G=(none)  M=SIGDATA    ACBP=28
 0000:285F 0000 C=CODE   S=_TEXT          G=(none)  M=STKLEN     ACBP=28
 0000:285F 0034 C=CODE   S=_TEXT          G=(none)  M=STPCPY     ACBP=28
 0000:2893 0062 C=CODE   S=_TEXT          G=(none)  M=STRNCAT    ACBP=28
 0000:28F5 002B C=CODE   S=_TEXT          G=(none)  M=STRSET     ACBP=28
 0000:2920 00AB C=CODE   S=_TEXT          G=(none)  M=STRTOL     ACBP=28
 0000:29CB 001A C=CODE   S=_TEXT          G=(none)  M=TELL       ACBP=28
 0000:29E5 00AD C=CODE   S=_TEXT          G=(none)  M=TMPNAM     ACBP=28
 0000:2A92 002C C=CODE   S=_TEXT          G=(none)  M=TOLOWER    ACBP=28
 0000:2ABE 002C C=CODE   S=_TEXT          G=(none)  M=WHEREXY    ACBP=28
 0000:2AEA 012E C=CODE   S=_TEXT          G=(none)  M=WRITE      ACBP=28
 0000:2C18 0000 C=CODE   S=_TEXT          G=(none)  M=WSCROLL    ACBP=28
 0000:2C18 003A C=CODE   S=_TEXT          G=(none)  M=XFCLOSE    ACBP=28
 0000:2C52 003A C=CODE   S=_TEXT          G=(none)  M=XFFLUSH    ACBP=28
 0000:2C8C 000E C=CODE   S=_TEXT          G=(none)  M=ABS        ACBP=28
 0000:2C9A 0086 C=CODE   S=_TEXT          G=(none)  M=ATOL       ACBP=28
 0000:2D20 0025 C=CODE   S=_TEXT          G=(none)  M=BIOSKEY    ACBP=28
 0000:2D45 002B C=CODE   S=_TEXT          G=(none)  M=CHDIR      ACBP=28
 0000:2D70 001D C=CODE   S=_TEXT          G=(none)  M=CHMODA     ACBP=28
 0000:2D8D 001E C=CODE   S=_TEXT          G=(none)  M=CLOSEA     ACBP=28
 0000:2DAB 0006 C=CODE   S=_TEXT          G=(none)  M=CORELEFT   ACBP=28
 0000:2DB1 007B C=CODE   S=_TEXT          G=(none)  M=CREATA     ACBP=28
 0000:2E2C 01B7 C=CODE   S=_TEXT          G=(none)  M=CRTINIT    ACBP=28
 0000:2FE3 007D C=CODE   S=_TEXT          G=(none)  M=DELAY      ACBP=28
 0000:3060 0068 C=CODE   S=_TEXT          G=(none)  M=EOF        ACBP=28
 0000:30C8 0060 C=CODE   S=_TEXT          G=(none)  M=FINDFIRS   ACBP=28
 0000:3128 0041 C=CODE   S=_TEXT          G=(none)  M=FLENGTH    ACBP=28
 0000:3169 01C6 C=CODE   S=_TEXT          G=(none)  M=GETC       ACBP=28
 0000:332F 005C C=CODE   S=_TEXT          G=(none)  M=GETCH      ACBP=28
 0000:338B 001D C=CODE   S=_TEXT          G=(none)  M=GETCURDI   ACBP=28
 0000:33A8 005B C=CODE   S=_TEXT          G=(none)  M=GETFAT     ACBP=28
 0000:3403 0020 C=CODE   S=_TEXT          G=(none)  M=GETVECT    ACBP=28
 0000:3423 00CA C=CODE   S=_TEXT          G=(none)  M=INT86      ACBP=28
 0000:34ED 008E C=CODE   S=_TEXT          G=(none)  M=INTDOS     ACBP=28
 0000:357B 00A4 C=CODE   S=_TEXT          G=(none)  M=INTR       ACBP=28
 0000:361F 0029 C=CODE   S=_TEXT          G=(none)  M=IOCTL      ACBP=28
 0000:3648 003D C=CODE   S=_TEXT          G=(none)  M=IOERROR    ACBP=28
 0000:3685 0011 C=CODE   S=_TEXT          G=(none)  M=ISATTY     ACBP=28
 0000:3696 0006 C=CODE   S=_TEXT          G=(none)  M=KBHIT      ACBP=28
 0000:369C 0029 C=CODE   S=_TEXT          G=(none)  M=LSEEK      ACBP=28
 0000:36C5 00F8 C=CODE   S=_TEXT          G=(none)  M=LTOA       ACBP=28
 0000:37BD 0039 C=CODE   S=_TEXT          G=(none)  M=MEMCCPY    ACBP=28
 0000:37F6 0023 C=CODE   S=_TEXT          G=(none)  M=MEMCHR     ACBP=28
 0000:3819 0024 C=CODE   S=_TEXT          G=(none)  M=MEMCPY     ACBP=28
 0000:383D 0043 C=CODE   S=_TEXT          G=(none)  M=MEMSET     ACBP=28
 0000:3880 0073 C=CODE   S=_TEXT          G=(none)  M=MOVMEM     ACBP=28
 0000:38F3 0179 C=CODE   S=_TEXT          G=(none)  M=OPEN       ACBP=28
 0000:3A6C 004E C=CODE   S=_TEXT          G=(none)  M=OPENA      ACBP=28
 0000:3ABA 0239 C=CODE   S=_TEXT          G=(none)  M=QSORT      ACBP=28
 0000:3CF3 00BE C=CODE   S=_TEXT          G=(none)  M=READ       ACBP=28
 0000:3DB1 001C C=CODE   S=_TEXT          G=(none)  M=READA      ACBP=28
 0000:3DCD 0018 C=CODE   S=_TEXT          G=(none)  M=REMOVE     ACBP=28
 0000:3DE5 04E8 C=CODE   S=_TEXT          G=(none)  M=SCANNER    ACBP=28
 0000:42CD 01CD C=CODE   S=_TEXT          G=(none)  M=SCANTOL    ACBP=28
 0000:449A 0020 C=CODE   S=_TEXT          G=(none)  M=SEGREAD    ACBP=28
 0000:44BA 001C C=CODE   S=_TEXT          G=(none)  M=SETBLOCK   ACBP=28
 0000:44D6 0033 C=CODE   S=_TEXT          G=(none)  M=SOUND      ACBP=28
 0000:4509 003F C=CODE   S=_TEXT          G=(none)  M=STRCAT     ACBP=28
 0000:4548 0030 C=CODE   S=_TEXT          G=(none)  M=STRCMP     ACBP=28
 0000:4578 0029 C=CODE   S=_TEXT          G=(none)  M=STRCPY     ACBP=28
 0000:45A1 001F C=CODE   S=_TEXT          G=(none)  M=STRLEN     ACBP=28
 0000:45C0 0038 C=CODE   S=_TEXT          G=(none)  M=STRNCMP    ACBP=28
 0000:45F8 0031 C=CODE   S=_TEXT          G=(none)  M=STRNCPY    ACBP=28
 0000:4629 006E C=CODE   S=_TEXT          G=(none)  M=STRSTR     ACBP=28
 0000:4697 0024 C=CODE   S=_TEXT          G=(none)  M=STRUPR     ACBP=28
 0000:46BB 006E C=CODE   S=_TEXT          G=(none)  M=UNGETC     ACBP=28
 0000:4729 0018 C=CODE   S=_TEXT          G=(none)  M=UNLINK     ACBP=28
 0000:4741 04E7 C=CODE   S=_TEXT          G=(none)  M=VPRINTER   ACBP=28
 0000:4C28 009F C=CODE   S=_TEXT          G=(none)  M=VRAM       ACBP=28
 0000:4CC7 004B C=CODE   S=_TEXT          G=(none)  M=WRITEA     ACBP=28
 0000:4D12 001F C=CODE   S=_TEXT          G=(none)  M=CVTFAK     ACBP=28
 0000:4D31 03FC C=CODE   S=_TEXT          G=(none)  M=FARHEAP    ACBP=28
 0000:512D 0017 C=CODE   S=_TEXT          G=(none)  M=F_LXMUL    ACBP=28
 0000:5144 00AE C=CODE   S=_TEXT          G=(none)  M=H_LDIV     ACBP=28
 0000:51F2 0021 C=CODE   S=_TEXT          G=(none)  M=H_LLSH     ACBP=28
 0000:5213 0021 C=CODE   S=_TEXT          G=(none)  M=H_LURSH    ACBP=28
 0000:5234 0060 C=CODE   S=_TEXT          G=(none)  M=H_PADD     ACBP=28
 0000:5294 0028 C=CODE   S=_TEXT          G=(none)  M=H_PSBP     ACBP=28
 0000:52BC 001F C=CODE   S=_TEXT          G=(none)  M=H_SCOPY    ACBP=28
 0000:52DB 0017 C=CODE   S=_TEXT          G=(none)  M=N_LXMUL    ACBP=28
 0000:52F2 0021 C=CODE   S=_TEXT          G=(none)  M=N_PCMP     ACBP=28
 0000:5313 0004 C=CODE   S=_TEXT          G=(none)  M=REALCVT    ACBP=28
 0000:5317 000C C=CODE   S=_TEXT          G=(none)  M=SCANTOD    ACBP=28
 0000:5323 001E C=CODE   S=_TEXT          G=(none)  M=STACK      ACBP=28
 0534:0001 0D02 C=CODE   S=CONTROL_TEXT   G=(none)  M=CONTROL.C  ACBP=28
 0604:0003 0582 C=CODE   S=HISTORY_TEXT   G=(none)  M=HISTORY.C  ACBP=28
 065C:0005 00DD C=CODE   S=UTIL_TEXT      G=(none)  M=UTIL.C     ACBP=28
 066A:0002 0840 C=CODE   S=NOW_TEXT       G=(none)  M=NOW.C      ACBP=28
 06EE:0002 0124 C=CODE   S=SETUP_TEXT     G=(none)  M=SETUP.C    ACBP=28
 0700:0006 1448 C=CODE   S=DIALOG_TEXT    G=(none)  M=DIALOG.C   ACBP=28
 0844:000E 0A68 C=CODE   S=WAITSEND_TEXT  G=(none)  M=WAITSEND.C ACBP=28
 08EB:0006 034F C=CODE   S=MAIN_TEXT      G=(none)  M=MAIN.C     ACBP=28
 0920:0005 0271 C=CODE   S=DEL_TEXT       G=(none)  M=DEL.C      ACBP=28
 0947:0006 0294 C=CODE   S=NEW_TEXT       G=(none)  M=NEW.C      ACBP=28
 0970:000A 0426 C=CODE   S=RS232_TEXT     G=(none)  M=RS232.C    ACBP=28
 09B3:0000 0481 C=CODE   S=SELECT_TEXT    G=(none)  M=SELECT.C   ACBP=28
 09FB:0001 07B8 C=CODE   S=ADDDEC_TEXT    G=(none)  M=ADDDEC     ACBP=28
 0A76:0009 07A3 C=CODE   S=BAR3D_TEXT     G=(none)  M=BAR3D      ACBP=28
 0AF0:000C 01E1 C=CODE   S=BASIC_TEXT     G=(none)  M=BASIC      ACBP=28
 0B0E:000D 15A7 C=CODE   S=BOYTEST_TEXT   G=(none)  M=BOYTEST    ACBP=28
 0C69:0004 0FA8 C=CODE   S=BOY_KEY_TEXT   G=(none)  M=BOY_KEY    ACBP=28
 0D63:000C 0B06 C=CODE   S=CHECK_TEXT     G=(none)  M=CHECK      ACBP=28
 0E14:0002 170D C=CODE   S=CHINESE_TEXT   G=(none)  M=CHINESE    ACBP=28
 0F84:000F 140D C=CODE   S=COMBO_TEXT     G=(none)  M=COMBO      ACBP=28
 10C5:000C 034F C=CODE   S=DESKTOP_TEXT   G=(none)  M=DESKTOP    ACBP=28
 10FA:000B 09D3 C=CODE   S=DIRLIST_TEXT   G=(none)  M=DIRLIST    ACBP=28
 1197:000E 03B4 C=CODE   S=DRIVLIST_TEXT  G=(none)  M=DRIVLIST   ACBP=28
 11D3:0002 06E9 C=CODE   S=FILELIST_TEXT  G=(none)  M=FILELIST   ACBP=28
 1241:000B 0253 C=CODE   S=FRAME_TEXT     G=(none)  M=FRAME      ACBP=28
 1266:000E 1344 C=CODE   S=IMAGE_TEXT     G=(none)  M=IMAGE      ACBP=28
 139B:0002 175E C=CODE   S=INPUTBOX_TEXT  G=(none)  M=INPUTBOX   ACBP=28
 1511:0000 0B5C C=CODE   S=LABEL_TEXT     G=(none)  M=LABEL      ACBP=28
 15C6:000C 01BF C=CODE   S=LINE_TEXT      G=(none)  M=LINE       ACBP=28
 15E2:000B 0BDE C=CODE   S=LISTED_TEXT    G=(none)  M=LISTED     ACBP=28
 16A0:0009 2BD6 C=CODE   S=MENU_TEXT      G=(none)  M=MENU       ACBP=28
 195D:000F 018F C=CODE   S=MOUSE_TEXT     G=(none)  M=MOUSE      ACBP=28
 1976:000E 1292 C=CODE   S=OPTION_TEXT    G=(none)  M=OPTION     ACBP=28
 1AA0:0000 0A1B C=CODE   S=OUTTEXT_TEXT   G=(none)  M=OUTTEXT    ACBP=28
 1B41:000B 1427 C=CODE   S=PY_TEXT        G=(none)  M=PY         ACBP=28
 1C84:0002 291A C=CODE   S=SCROLL_TEXT    G=(none)  M=SCROLL     ACBP=28
 1F15:000C 4FCE C=CODE   S=WINDOWS_TEXT   G=(none)  M=WINDOWS    ACBP=28
 2412:000A 0622 C=CODE   S=EMS_TEXT       G=(none)  M=EMS        ACBP=28
 2474:000C 0391 C=CODE   S=XMS_TEXT       G=(none)  M=XMS        ACBP=28
 24AE:0000 0000 C=CODE   S=EMU_PROG       G=(none)  M=FPINIT     ACBP=68
 24AE:0000 2767 C=CODE   S=EMU_PROG       G=(none)  M=EMU086     ACBP=68
 2725:0000 0000 C=CODE   S=E87_PROG       G=(none)  M=FPINIT     ACBP=68
 2725:0000 03E3 C=CODE   S=E87_PROG       G=(none)  M=EMU087     ACBP=68
 2725:03F0 01D8 C=CODE   S=E87_PROG       G=(none)  M=E87TRAP    ACBP=68
 2782:0000 18AF C=CODE   S=_BGI_TEXT      G=(none)  M=GRAPHC     ACBP=28
 2782:18AF 0A27 C=CODE   S=_BGI_TEXT      G=(none)  M=GRAPH      ACBP=28
 2782:22E0 1990 C=CODE   S=_BGI_TEXT      G=(none)  M=BGIOVR     ACBP=68
 2B49:0000 0000 C=FAR_DATA S=_FARDATA       G=(none)  M=c0.ASM     ACBP=68
 2B49:0000 2E00 C=FAR_DATA S=DIRLIST5_DATA  G=(none)  M=DIRLIST    ACBP=68
 2E29:0000 7FFF C=FAR_DATA S=IMAGE5_DATA    G=(none)  M=IMAGE      ACBP=68
 3629:0000 00F1 C=FAR_DATA S=PY5_DATA       G=(none)  M=PY         ACBP=68
 3639:0000 0000 C=FAR_BSS S=_FARBSS        G=(none)  M=c0.ASM     ACBP=68
 3639:0000 0004 C=FAR_BSS S=_COMDEF_AA_    G=(none)  M=MAIN.C     ACBP=60
 363A:0000 0050 C=FAR_BSS S=_COMDEF_AB_    G=(none)  M=DIALOG.C   ACBP=60
 363F:0000 003C C=FAR_BSS S=_COMDEF_AC_    G=(none)  M=DIALOG.C   ACBP=60
 3643:0000 0002 C=FAR_BSS S=_COMDEF_AD_    G=(none)  M=DIALOG.C   ACBP=60
 3644:0000 0050 C=FAR_BSS S=_COMDEF_AE_    G=(none)  M=DIALOG.C   ACBP=60
 3649:0000 0002 C=FAR_BSS S=_COMDEF_AF_    G=(none)  M=DIALOG.C   ACBP=60
 364A:0000 000A C=FAR_BSS S=_COMDEF_AG_    G=(none)  M=DIALOG.C   ACBP=60
 364B:0000 0050 C=FAR_BSS S=_COMDEF_AH_    G=(none)  M=DIALOG.C   ACBP=60
 3650:0000 0050 C=FAR_BSS S=_COMDEF_AI_    G=(none)  M=DIALOG.C   ACBP=60
 3655:0000 0002 C=FAR_BSS S=_COMDEF_AJ_    G=(none)  M=MAIN.C     ACBP=60
 3656:0000 0004 C=FAR_BSS S=_COMDEF_AK_    G=(none)  M=RS232.C    ACBP=60
 3657:0000 0200 C=FAR_BSS S=_COMDEF_AL_    G=(none)  M=RS232.C    ACBP=60
 3677:0000 0002 C=FAR_BSS S=_COMDEF_AM_    G=(none)  M=RS232.C    ACBP=60
 3678:0000 0002 C=FAR_BSS S=_COMDEF_AN_    G=(none)  M=RS232.C    ACBP=60
 3679:0000 0000 C=OVRINFO S=_OVERLAY_      G=(none)  M=c0.ASM     ACBP=68
 3679:0000 0000 C=STUBSEG S=_1STUB_        G=(none)  M=c0.ASM     ACBP=68
 3679:0000 0091 C=DATA   S=_DATA          G=DGROUP  M=c0.ASM     ACBP=68
 3679:0092 2F40 C=DATA   S=_DATA          G=DGROUP  M=CONTROL.C  ACBP=48
 3679:2FD2 07FD C=DATA   S=_DATA          G=DGROUP  M=HISTORY.C  ACBP=48
 3679:37D0 0000 C=DATA   S=_DATA          G=DGROUP  M=UTIL.C     ACBP=48
 3679:37D0 28E2 C=DATA   S=_DATA          G=DGROUP  M=NOW.C      ACBP=48
 3679:60B2 0545 C=DATA   S=_DATA          G=DGROUP  M=SETUP.C    ACBP=48
 3679:65F8 166D C=DATA   S=_DATA          G=DGROUP  M=DIALOG.C   ACBP=48
 3679:7C66 0409 C=DATA   S=_DATA          G=DGROUP  M=WAITSEND.C ACBP=48
 3679:8070 087A C=DATA   S=_DATA          G=DGROUP  M=MAIN.C     ACBP=48
 3679:88EA 04DA C=DATA   S=_DATA          G=DGROUP  M=DEL.C      ACBP=48
 3679:8DC4 084D C=DATA   S=_DATA          G=DGROUP  M=NEW.C      ACBP=48
 3679:9612 0017 C=DATA   S=_DATA          G=DGROUP  M=RS232.C    ACBP=48
 3679:962A 05DF C=DATA   S=_DATA          G=DGROUP  M=SELECT.C   ACBP=48
 3679:9C0A 0000 C=DATA   S=_DATA          G=DGROUP  M=ADDDEC     ACBP=48
 3679:9C0A 0000 C=DATA   S=_DATA          G=DGROUP  M=BAR3D      ACBP=48
 3679:9C0A 00F9 C=DATA   S=_DATA          G=DGROUP  M=BASIC      ACBP=48
 3679:9D04 0000 C=DATA   S=_DATA          G=DGROUP  M=BOYTEST    ACBP=48
 3679:9D04 0000 C=DATA   S=_DATA          G=DGROUP  M=BOY_KEY    ACBP=48
 3679:9D04 0000 C=DATA   S=_DATA          G=DGROUP  M=CHECK      ACBP=48
 3679:9D04 0086 C=DATA   S=_DATA          G=DGROUP  M=CHINESE    ACBP=48
 3679:9D8A 01E3 C=DATA   S=_DATA          G=DGROUP  M=COMBO      ACBP=48
 3679:9F6E 0000 C=DATA   S=_DATA          G=DGROUP  M=DESKTOP    ACBP=48
 3679:9F6E 0010 C=DATA   S=_DATA          G=DGROUP  M=DIRLIST    ACBP=48
 3679:9F7E 0080 C=DATA   S=_DATA          G=DGROUP  M=DRIVLIST   ACBP=48
 3679:9FFE 0008 C=DATA   S=_DATA          G=DGROUP  M=FILELIST   ACBP=48
 3679:A006 0000 C=DATA   S=_DATA          G=DGROUP  M=FRAME      ACBP=48
 3679:A006 0034 C=DATA   S=_DATA          G=DGROUP  M=IMAGE      ACBP=48
 3679:A03A 0080 C=DATA   S=_DATA          G=DGROUP  M=INPUTBOX   ACBP=48
 3679:A0BA 0000 C=DATA   S=_DATA          G=DGROUP  M=LABEL      ACBP=48
 3679:A0BA 0000 C=DATA   S=_DATA          G=DGROUP  M=LINE       ACBP=48
 3679:A0BA 0008 C=DATA   S=_DATA          G=DGROUP  M=LISTED     ACBP=48
 3679:A0C2 0042 C=DATA   S=_DATA          G=DGROUP  M=MENU       ACBP=48
 3679:A104 12C0 C=DATA   S=_DATA          G=DGROUP  M=MOUSE      ACBP=48
 3679:B3C4 0002 C=DATA   S=_DATA          G=DGROUP  M=OPTION     ACBP=48
 3679:B3C6 0031 C=DATA   S=_DATA          G=DGROUP  M=OUTTEXT    ACBP=48
 3679:B3F8 01E5 C=DATA   S=_DATA          G=DGROUP  M=PY         ACBP=48
 3679:B5DE 0004 C=DATA   S=_DATA          G=DGROUP  M=SCROLL     ACBP=48
 3679:B5E2 007A C=DATA   S=_DATA          G=DGROUP  M=WINDOWS    ACBP=48
 3679:B65C 000C C=DATA   S=_DATA          G=DGROUP  M=EMS        ACBP=48
 3679:B668 0003 C=DATA   S=_DATA          G=DGROUP  M=XMS        ACBP=48
 3679:B670 0002 C=DATA   S=_DATA          G=DGROUP  M=FPINIT     ACBP=68
 3679:B680 0000 C=DATA   S=_DATA          G=DGROUP  M=E87TRAP    ACBP=68
 3679:B680 0003 C=DATA   S=_DATA          G=DGROUP  M=PROTFLAG   ACBP=48
 3679:B684 0002 C=DATA   S=_DATA          G=DGROUP  M=DEFLT87    ACBP=48
 3679:B686 0000 C=DATA   S=_DATA          G=DGROUP  M=ATOF       ACBP=48
 3679:B686 009A C=DATA   S=_DATA          G=DGROUP  M=FPERR      ACBP=48
 3679:B720 0024 C=DATA   S=_DATA          G=DGROUP  M=HUGEVAL    ACBP=48
 3679:B744 0000 C=DATA   S=_DATA          G=DGROUP  M=LDTRUNC    ACBP=48
 3679:B744 0080 C=DATA   S=_DATA          G=DGROUP  M=POW10      ACBP=48
 3679:B7C4 0000 C=DATA   S=_DATA          G=DGROUP  M=REALCVT    ACBP=48
 3679:B7C4 0014 C=DATA   S=_DATA          G=DGROUP  M=SCANTOD    ACBP=48
 3679:B7D8 0000 C=DATA   S=_DATA          G=DGROUP  M=STRTOD     ACBP=48
 3679:B7D8 0000 C=DATA   S=_DATA          G=DGROUP  M=XCVT       ACBP=48
 3679:B7D8 0000 C=DATA   S=_DATA          G=DGROUP  M=FFTOL      ACBP=48
 3679:B7D8 0000 C=DATA   S=_DATA          G=DGROUP  M=ACCESS     ACBP=48
 3679:B7D8 0002 C=DATA   S=_DATA          G=DGROUP  M=ATEXIT     ACBP=48
 3679:B7DA 0000 C=DATA   S=_DATA          G=DGROUP  M=CALLOC     ACBP=48
 3679:B7DA 0000 C=DATA   S=_DATA          G=DGROUP  M=CLOSE      ACBP=48
 3679:B7DA 0000 C=DATA   S=_DATA          G=DGROUP  M=CPRINTF    ACBP=48
 3679:B7DA 0101 C=DATA   S=_DATA          G=DGROUP  M=CTYPE      ACBP=48
 3679:B8DC 000C C=DATA   S=_DATA          G=DGROUP  M=EXIT       ACBP=48
 3679:B8E8 0002 C=DATA   S=_DATA          G=DGROUP  M=FBRK       ACBP=48
 3679:B8EA 0000 C=DATA   S=_DATA          G=DGROUP  M=FCLOSE     ACBP=48
 3679:B8EA 0000 C=DATA   S=_DATA          G=DGROUP  M=FCORELFT   ACBP=48
 3679:B8EA 0000 C=DATA   S=_DATA          G=DGROUP  M=FFLUSH     ACBP=48
 3679:B8EA 0190 C=DATA   S=_DATA          G=DGROUP  M=FILES      ACBP=48
 3679:BA7A 0028 C=DATA   S=_DATA          G=DGROUP  M=FILES2     ACBP=48
 3679:BAA2 0000 C=DATA   S=_DATA          G=DGROUP  M=FLUSHALL   ACBP=48
 3679:BAA2 0004 C=DATA   S=_DATA          G=DGROUP  M=FMODE      ACBP=48
 3679:BAA6 0000 C=DATA   S=_DATA          G=DGROUP  M=FNMERGE    ACBP=48
 3679:BAA6 0000 C=DATA   S=_DATA          G=DGROUP  M=FNSPLIT    ACBP=48
 3679:BAA6 0000 C=DATA   S=_DATA          G=DGROUP  M=FOPEN      ACBP=48
 3679:BAA6 0000 C=DATA   S=_DATA          G=DGROUP  M=FPRINTF    ACBP=48
 3679:BAA6 0002 C=DATA   S=_DATA          G=DGROUP  M=FPSTKLEN   ACBP=48
 3679:BAA8 0000 C=DATA   S=_DATA          G=DGROUP  M=FREAD      ACBP=48
 3679:BAA8 0000 C=DATA   S=_DATA          G=DGROUP  M=FSCANF     ACBP=48
 3679:BAA8 0000 C=DATA   S=_DATA          G=DGROUP  M=FSEEK      ACBP=48
 3679:BAA8 0000 C=DATA   S=_DATA          G=DGROUP  M=FWRITE     ACBP=48
 3679:BAA8 0000 C=DATA   S=_DATA          G=DGROUP  M=GETDATE    ACBP=48
 3679:BAA8 0000 C=DATA   S=_DATA          G=DGROUP  M=GEXIT      ACBP=48
 3679:BAA8 0000 C=DATA   S=_DATA          G=DGROUP  M=GFREEMEM   ACBP=48
 3679:BAA8 0000 C=DATA   S=_DATA          G=DGROUP  M=GGETMEM    ACBP=48
 3679:BAA8 0000 C=DATA   S=_DATA          G=DGROUP  M=MOVETEXT   ACBP=48
 3679:BAA8 0000 C=DATA   S=_DATA          G=DGROUP  M=PRINTF     ACBP=48
 3679:BAA8 0001 C=DATA   S=_DATA          G=DGROUP  M=PUTC       ACBP=48
 3679:BAAA 0000 C=DATA   S=_DATA          G=DGROUP  M=PUTCH      ACBP=48
 3679:BAAA 0000 C=DATA   S=_DATA          G=DGROUP  M=SCREEN     ACBP=48
 3679:BAAA 0000 C=DATA   S=_DATA          G=DGROUP  M=SCROLL     ACBP=48
 3679:BAAA 0000 C=DATA   S=_DATA          G=DGROUP  M=SETUPIO    ACBP=48
 3679:BAAA 0004 C=DATA   S=_DATA          G=DGROUP  M=SETVBUF    ACBP=48
 3679:BAAE 0000 C=DATA   S=_DATA          G=DGROUP  M=SIGDATA    ACBP=48
 3679:BAAE 0002 C=DATA   S=_DATA          G=DGROUP  M=STKLEN     ACBP=48
 3679:BAB0 0000 C=DATA   S=_DATA          G=DGROUP  M=STPCPY     ACBP=48
 3679:BAB0 0000 C=DATA   S=_DATA          G=DGROUP  M=STRNCAT    ACBP=48
 3679:BAB0 0000 C=DATA   S=_DATA          G=DGROUP  M=STRSET     ACBP=48
 3679:BAB0 0000 C=DATA   S=_DATA          G=DGROUP  M=STRTOL     ACBP=48
 3679:BAB0 0000 C=DATA   S=_DATA          G=DGROUP  M=TELL       ACBP=48
 3679:BAB0 0009 C=DATA   S=_DATA          G=DGROUP  M=TMPNAM     ACBP=48
 3679:BABA 0000 C=DATA   S=_DATA          G=DGROUP  M=TOLOWER    ACBP=48
 3679:BABA 0000 C=DATA   S=_DATA          G=DGROUP  M=WHEREXY    ACBP=48
 3679:BABA 0000 C=DATA   S=_DATA          G=DGROUP  M=WRITE      ACBP=48
 3679:BABA 0002 C=DATA   S=_DATA          G=DGROUP  M=WSCROLL    ACBP=48
 3679:BABC 0000 C=DATA   S=_DATA          G=DGROUP  M=XFCLOSE    ACBP=48
 3679:BABC 0000 C=DATA   S=_DATA          G=DGROUP  M=XFFLUSH    ACBP=48
 3679:BABC 0000 C=DATA   S=_DATA          G=DGROUP  M=ABS        ACBP=48
 3679:BABC 0000 C=DATA   S=_DATA          G=DGROUP  M=ATOL       ACBP=48
 3679:BABC 0000 C=DATA   S=_DATA          G=DGROUP  M=BIOSKEY    ACBP=48
 3679:BABC 0000 C=DATA   S=_DATA          G=DGROUP  M=CHDIR      ACBP=48
 3679:BABC 0000 C=DATA   S=_DATA          G=DGROUP  M=CHMODA     ACBP=48
 3679:BABC 0000 C=DATA   S=_DATA          G=DGROUP  M=CLOSEA     ACBP=48
 3679:BABC 0000 C=DATA   S=_DATA          G=DGROUP  M=CORELEFT   ACBP=48
 3679:BABC 0000 C=DATA   S=_DATA          G=DGROUP  M=CREATA     ACBP=48
 3679:BABC 0018 C=DATA   S=_DATA          G=DGROUP  M=CRTINIT    ACBP=48
 3679:BAD4 0000 C=DATA   S=_DATA          G=DGROUP  M=DELAY      ACBP=48
 3679:BAD4 0000 C=DATA   S=_DATA          G=DGROUP  M=EOF        ACBP=48
 3679:BAD4 0000 C=DATA   S=_DATA          G=DGROUP  M=FINDFIRS   ACBP=48
 3679:BAD4 0000 C=DATA   S=_DATA          G=DGROUP  M=FLENGTH    ACBP=48
 3679:BAD4 0000 C=DATA   S=_DATA          G=DGROUP  M=GETC       ACBP=48
 3679:BAD4 0002 C=DATA   S=_DATA          G=DGROUP  M=GETCH      ACBP=48
 3679:BAD6 0000 C=DATA   S=_DATA          G=DGROUP  M=GETCURDI   ACBP=48
 3679:BAD6 0000 C=DATA   S=_DATA          G=DGROUP  M=GETFAT     ACBP=48
 3679:BAD6 0000 C=DATA   S=_DATA          G=DGROUP  M=GETVECT    ACBP=48
 3679:BAD6 0000 C=DATA   S=_DATA          G=DGROUP  M=INT86      ACBP=48
 3679:BAD6 0000 C=DATA   S=_DATA          G=DGROUP  M=INTDOS     ACBP=48
 3679:BAD6 0000 C=DATA   S=_DATA          G=DGROUP  M=INTR       ACBP=48
 3679:BAD6 0000 C=DATA   S=_DATA          G=DGROUP  M=IOCTL      ACBP=48
 3679:BAD6 005B C=DATA   S=_DATA          G=DGROUP  M=IOERROR    ACBP=48
 3679:BB32 0000 C=DATA   S=_DATA          G=DGROUP  M=ISATTY     ACBP=48
 3679:BB32 0000 C=DATA   S=_DATA          G=DGROUP  M=KBHIT      ACBP=48
 3679:BB32 0000 C=DATA   S=_DATA          G=DGROUP  M=LSEEK      ACBP=48
 3679:BB32 0000 C=DATA   S=_DATA          G=DGROUP  M=LTOA       ACBP=48
 3679:BB32 0000 C=DATA   S=_DATA          G=DGROUP  M=MEMCCPY    ACBP=48
 3679:BB32 0000 C=DATA   S=_DATA          G=DGROUP  M=MEMCHR     ACBP=48
 3679:BB32 0000 C=DATA   S=_DATA          G=DGROUP  M=MEMCPY     ACBP=48
 3679:BB32 0000 C=DATA   S=_DATA          G=DGROUP  M=MEMSET     ACBP=48
 3679:BB32 0000 C=DATA   S=_DATA          G=DGROUP  M=MOVMEM     ACBP=48
 3679:BB32 0000 C=DATA   S=_DATA          G=DGROUP  M=OPEN       ACBP=48
 3679:BB32 0000 C=DATA   S=_DATA          G=DGROUP  M=OPENA      ACBP=48
 3679:BB32 0000 C=DATA   S=_DATA          G=DGROUP  M=QSORT      ACBP=48
 3679:BB32 0000 C=DATA   S=_DATA          G=DGROUP  M=READ       ACBP=48
 3679:BB32 0000 C=DATA   S=_DATA          G=DGROUP  M=READA      ACBP=48
 3679:BB32 0000 C=DATA   S=_DATA          G=DGROUP  M=REMOVE     ACBP=48
 3679:BB32 0080 C=DATA   S=_DATA          G=DGROUP  M=SCANNER    ACBP=48
 3679:BBB2 0000 C=DATA   S=_DATA          G=DGROUP  M=SCANTOL    ACBP=48
 3679:BBB2 0000 C=DATA   S=_DATA          G=DGROUP  M=SEGREAD    ACBP=48
 3679:BBB2 0000 C=DATA   S=_DATA          G=DGROUP  M=SETBLOCK   ACBP=48
 3679:BBB2 0000 C=DATA   S=_DATA          G=DGROUP  M=SOUND      ACBP=48
 3679:BBB2 0000 C=DATA   S=_DATA          G=DGROUP  M=STRCAT     ACBP=48
 3679:BBB2 0000 C=DATA   S=_DATA          G=DGROUP  M=STRCMP     ACBP=48
 3679:BBB2 0000 C=DATA   S=_DATA          G=DGROUP  M=STRCPY     ACBP=48
 3679:BBB2 0000 C=DATA   S=_DATA          G=DGROUP  M=STRLEN     ACBP=48
 3679:BBB2 0000 C=DATA   S=_DATA          G=DGROUP  M=STRNCMP    ACBP=48
 3679:BBB2 0000 C=DATA   S=_DATA          G=DGROUP  M=STRNCPY    ACBP=48
 3679:BBB2 0000 C=DATA   S=_DATA          G=DGROUP  M=STRSTR     ACBP=48
 3679:BBB2 0000 C=DATA   S=_DATA          G=DGROUP  M=STRUPR     ACBP=48
 3679:BBB2 0000 C=DATA   S=_DATA          G=DGROUP  M=UNGETC     ACBP=48
 3679:BBB2 0000 C=DATA   S=_DATA          G=DGROUP  M=UNLINK     ACBP=48
 3679:BBB2 0067 C=DATA   S=_DATA          G=DGROUP  M=VPRINTER   ACBP=48
 3679:BC1A 0000 C=DATA   S=_DATA          G=DGROUP  M=VRAM       ACBP=48
 3679:BC1A 0000 C=DATA   S=_DATA          G=DGROUP  M=WRITEA     ACBP=48
 3679:BC1A 0031 C=DATA   S=_DATA          G=DGROUP  M=CVTFAK     ACBP=48
 3679:BC4C 0000 C=DATA   S=_DATA          G=DGROUP  M=FARHEAP    ACBP=48
 3679:BC4C 0000 C=DATA   S=_DATA          G=DGROUP  M=F_LXMUL    ACBP=48
 3679:BC4C 0000 C=DATA   S=_DATA          G=DGROUP  M=H_LDIV     ACBP=48
 3679:BC4C 0000 C=DATA   S=_DATA          G=DGROUP  M=H_LLSH     ACBP=48
 3679:BC4C 0000 C=DATA   S=_DATA          G=DGROUP  M=H_LURSH    ACBP=48
 3679:BC4C 0000 C=DATA   S=_DATA          G=DGROUP  M=H_PADD     ACBP=48
 3679:BC4C 0000 C=DATA   S=_DATA          G=DGROUP  M=H_PSBP     ACBP=48
 3679:BC4C 0000 C=DATA   S=_DATA          G=DGROUP  M=H_SCOPY    ACBP=48
 3679:BC4C 0000 C=DATA   S=_DATA          G=DGROUP  M=N_LXMUL    ACBP=48
 3679:BC4C 0000 C=DATA   S=_DATA          G=DGROUP  M=N_PCMP     ACBP=48
 3679:BC4C 0000 C=DATA   S=_DATA          G=DGROUP  M=REALCVT    ACBP=48
 3679:BC4C 0000 C=DATA   S=_DATA          G=DGROUP  M=SCANTOD    ACBP=48
 3679:BC4C 0000 C=DATA   S=_DATA          G=DGROUP  M=STACK      ACBP=48
 3679:BC4C 0006 C=DATA   S=_DATA          G=DGROUP  M=GLOAD      ACBP=48
 3679:BC52 065B C=DATA   S=_DATA          G=DGROUP  M=GRAPHC     ACBP=48
 3679:C2AE 000B C=DATA   S=_DATA          G=DGROUP  M=GRAPH      ACBP=48
 3679:C2BA 0000 C=DATA   S=_CVTSEG        G=DGROUP  M=c0.ASM     ACBP=48
 3679:C2BA 0002 C=DATA   S=_CVTSEG        G=DGROUP  M=REALCVT    ACBP=48
 3679:C2BC 0002 C=DATA   S=_CVTSEG        G=DGROUP  M=CVTFAK     ACBP=48
 3679:C2BE 0000 C=DATA   S=_CVTSEG        G=DGROUP  M=REALCVT    ACBP=48
 3679:C2BE 0000 C=DATA   S=_SCNSEG        G=DGROUP  M=c0.ASM     ACBP=48
 3679:C2BE 0006 C=DATA   S=_SCNSEG        G=DGROUP  M=SCANTOD    ACBP=48
 3679:C2C4 0006 C=DATA   S=_SCNSEG        G=DGROUP  M=CVTFAK     ACBP=48
 3679:C2CA 0000 C=DATA   S=_SCNSEG        G=DGROUP  M=SCANTOD    ACBP=48
 3679:C2CA 0000 C=DATA   S=GRAPH          G=DGROUP  M=GRAPHC     ACBP=48
 3679:C2CA 0000 C=CONST  S=_CONST         G=DGROUP  M=c0.ASM     ACBP=48
 3679:C2CA 0000 C=INITDATA S=_INIT_         G=DGROUP  M=c0.ASM     ACBP=48
 3679:C2CA 0006 C=INITDATA S=_INIT_         G=DGROUP  M=FPINIT     ACBP=48
 3679:C2D0 0006 C=INITDATA S=_INIT_         G=DGROUP  M=SETUPIO    ACBP=48
 3679:C2D6 0006 C=INITDATA S=_INIT_         G=DGROUP  M=CRTINIT    ACBP=48
 3679:C2DC 0000 C=INITDATA S=_INITEND_      G=DGROUP  M=c0.ASM     ACBP=28
 3679:C2DC 0000 C=EXITDATA S=_EXIT_         G=DGROUP  M=c0.ASM     ACBP=48
 3679:C2DC 0006 C=EXITDATA S=_EXIT_         G=DGROUP  M=FPINIT     ACBP=48
 3679:C2E2 0000 C=EXITDATA S=_EXITEND_      G=DGROUP  M=c0.ASM     ACBP=28
 3679:C2E2 0000 C=BSS    S=_BSS           G=DGROUP  M=c0.ASM     ACBP=48
 3679:C2E2 000A C=BSS    S=_BSS           G=DGROUP  M=CONTROL.C  ACBP=48
 3679:C2EC 000A C=BSS    S=_BSS           G=DGROUP  M=HISTORY.C  ACBP=48
 3679:C2F6 000A C=BSS    S=_BSS           G=DGROUP  M=UTIL.C     ACBP=48
 3679:C300 000A C=BSS    S=_BSS           G=DGROUP  M=NOW.C      ACBP=48
 3679:C30A 000A C=BSS    S=_BSS           G=DGROUP  M=SETUP.C    ACBP=48
 3679:C314 0014 C=BSS    S=_BSS           G=DGROUP  M=DIALOG.C   ACBP=48
 3679:C328 0000 C=BSS    S=_BSS           G=DGROUP  M=WAITSEND.C ACBP=48
 3679:C328 000A C=BSS    S=_BSS           G=DGROUP  M=MAIN.C     ACBP=48
 3679:C332 000A C=BSS    S=_BSS           G=DGROUP  M=DEL.C      ACBP=48
 3679:C33C 000A C=BSS    S=_BSS           G=DGROUP  M=NEW.C      ACBP=48
 3679:C346 0000 C=BSS    S=_BSS           G=DGROUP  M=RS232.C    ACBP=48
 3679:C346 000A C=BSS    S=_BSS           G=DGROUP  M=SELECT.C   ACBP=48
 3679:C350 000F C=BSS    S=_BSS           G=DGROUP  M=BASIC      ACBP=48
 3679:C360 0278 C=BSS    S=_BSS           G=DGROUP  M=CHINESE    ACBP=48
 3679:C5D8 0026 C=BSS    S=_BSS           G=DGROUP  M=COMBO      ACBP=48
 3679:C5FE 0024 C=BSS    S=_BSS           G=DGROUP  M=DIRLIST    ACBP=48
 3679:C622 0186 C=BSS    S=_BSS           G=DGROUP  M=DRIVLIST   ACBP=48
 3679:C7A8 0022 C=BSS    S=_BSS           G=DGROUP  M=FILELIST   ACBP=48
 3679:C7CA 0000 C=BSS    S=_BSS           G=DGROUP  M=IMAGE      ACBP=48
 3679:C7CA 001C C=BSS    S=_BSS           G=DGROUP  M=LISTED     ACBP=48
 3679:C7E6 00C0 C=BSS    S=_BSS           G=DGROUP  M=MENU       ACBP=48
 3679:C8A6 0001 C=BSS    S=_BSS           G=DGROUP  M=MOUSE      ACBP=48
 3679:C8A8 000E C=BSS    S=_BSS           G=DGROUP  M=OPTION     ACBP=48
 3679:C8B6 2004 C=BSS    S=_BSS           G=DGROUP  M=OUTTEXT    ACBP=48
 3679:E8BA 002E C=BSS    S=_BSS           G=DGROUP  M=PY         ACBP=48
 3679:E8E8 000A C=BSS    S=_BSS           G=DGROUP  M=WINDOWS    ACBP=48
 3679:E8F2 0003 C=BSS    S=_BSS           G=DGROUP  M=EMS        ACBP=48
 3679:E8F6 0005 C=BSS    S=_BSS           G=DGROUP  M=XMS        ACBP=48
 3679:E8FC 0000 C=BSS    S=_BSS           G=DGROUP  M=LDTRUNC    ACBP=48
 3679:E8FC 0000 C=BSS    S=_BSS           G=DGROUP  M=POW10      ACBP=48
 3679:E8FC 0000 C=BSS    S=_BSS           G=DGROUP  M=REALCVT    ACBP=48
 3679:E8FC 0000 C=BSS    S=_BSS           G=DGROUP  M=SCANTOD    ACBP=48
 3679:E8FC 0000 C=BSS    S=_BSS           G=DGROUP  M=XCVT       ACBP=48
 3679:E8FC 0080 C=BSS    S=_BSS           G=DGROUP  M=ATEXIT     ACBP=48
 3679:E97C 0000 C=BSS    S=_BSS           G=DGROUP  M=CLOSE      ACBP=48
 3679:E97C 0000 C=BSS    S=_BSS           G=DGROUP  M=FREAD      ACBP=48
 3679:E97C 0000 C=BSS    S=_BSS           G=DGROUP  M=FWRITE     ACBP=48
 3679:E97C 0001 C=BSS    S=_BSS           G=DGROUP  M=PUTC       ACBP=48
 3679:E97E 0000 C=BSS    S=_BSS           G=DGROUP  M=SETUPIO    ACBP=48
 3679:E97E 0004 C=BSS    S=_BSS           G=DGROUP  M=SIGDATA    ACBP=48
 3679:E982 000F C=BSS    S=_BSS           G=DGROUP  M=TMPNAM     ACBP=48
 3679:E992 0000 C=BSS    S=_BSS           G=DGROUP  M=ABS        ACBP=48
 3679:E992 0000 C=BSS    S=_BSS           G=DGROUP  M=ATOL       ACBP=48
 3679:E992 0000 C=BSS    S=_BSS           G=DGROUP  M=BIOSKEY    ACBP=48
 3679:E992 0000 C=BSS    S=_BSS           G=DGROUP  M=CHDIR      ACBP=48
 3679:E992 0000 C=BSS    S=_BSS           G=DGROUP  M=CHMODA     ACBP=48
 3679:E992 0000 C=BSS    S=_BSS           G=DGROUP  M=CLOSEA     ACBP=48
 3679:E992 0000 C=BSS    S=_BSS           G=DGROUP  M=CORELEFT   ACBP=48
 3679:E992 0000 C=BSS    S=_BSS           G=DGROUP  M=CREATA     ACBP=48
 3679:E992 0000 C=BSS    S=_BSS           G=DGROUP  M=CRTINIT    ACBP=48
 3679:E992 0000 C=BSS    S=_BSS           G=DGROUP  M=DELAY      ACBP=48
 3679:E992 0000 C=BSS    S=_BSS           G=DGROUP  M=EOF        ACBP=48
 3679:E992 0000 C=BSS    S=_BSS           G=DGROUP  M=FINDFIRS   ACBP=48
 3679:E992 0000 C=BSS    S=_BSS           G=DGROUP  M=FLENGTH    ACBP=48
 3679:E992 0001 C=BSS    S=_BSS           G=DGROUP  M=GETC       ACBP=48
 3679:E994 0000 C=BSS    S=_BSS           G=DGROUP  M=GETCH      ACBP=48
 3679:E994 0000 C=BSS    S=_BSS           G=DGROUP  M=GETCURDI   ACBP=48
 3679:E994 0000 C=BSS    S=_BSS           G=DGROUP  M=GETFAT     ACBP=48
 3679:E994 0000 C=BSS    S=_BSS           G=DGROUP  M=GETVECT    ACBP=48
 3679:E994 0000 C=BSS    S=_BSS           G=DGROUP  M=INT86      ACBP=48
 3679:E994 0000 C=BSS    S=_BSS           G=DGROUP  M=INTDOS     ACBP=48
 3679:E994 0000 C=BSS    S=_BSS           G=DGROUP  M=INTR       ACBP=48
 3679:E994 0000 C=BSS    S=_BSS           G=DGROUP  M=IOCTL      ACBP=48
 3679:E994 0000 C=BSS    S=_BSS           G=DGROUP  M=IOERROR    ACBP=48
 3679:E994 0000 C=BSS    S=_BSS           G=DGROUP  M=ISATTY     ACBP=48
 3679:E994 0000 C=BSS    S=_BSS           G=DGROUP  M=KBHIT      ACBP=48
 3679:E994 0000 C=BSS    S=_BSS           G=DGROUP  M=LSEEK      ACBP=48
 3679:E994 0000 C=BSS    S=_BSS           G=DGROUP  M=LTOA       ACBP=48
 3679:E994 0000 C=BSS    S=_BSS           G=DGROUP  M=MEMCCPY    ACBP=48
 3679:E994 0000 C=BSS    S=_BSS           G=DGROUP  M=MEMCHR     ACBP=48
 3679:E994 0000 C=BSS    S=_BSS           G=DGROUP  M=MEMCPY     ACBP=48
 3679:E994 0000 C=BSS    S=_BSS           G=DGROUP  M=MEMSET     ACBP=48
 3679:E994 0000 C=BSS    S=_BSS           G=DGROUP  M=MOVMEM     ACBP=48
 3679:E994 0000 C=BSS    S=_BSS           G=DGROUP  M=OPEN       ACBP=48
 3679:E994 0000 C=BSS    S=_BSS           G=DGROUP  M=OPENA      ACBP=48
 3679:E994 0006 C=BSS    S=_BSS           G=DGROUP  M=QSORT      ACBP=48
 3679:E99A 0000 C=BSS    S=_BSS           G=DGROUP  M=READ       ACBP=48
 3679:E99A 0000 C=BSS    S=_BSS           G=DGROUP  M=READA      ACBP=48
 3679:E99A 0000 C=BSS    S=_BSS           G=DGROUP  M=REMOVE     ACBP=48
 3679:E99A 0000 C=BSS    S=_BSS           G=DGROUP  M=SCANNER    ACBP=48
 3679:E99A 0000 C=BSS    S=_BSS           G=DGROUP  M=SCANTOL    ACBP=48
 3679:E99A 0000 C=BSS    S=_BSS           G=DGROUP  M=SEGREAD    ACBP=48
 3679:E99A 0000 C=BSS    S=_BSS           G=DGROUP  M=SETBLOCK   ACBP=48
 3679:E99A 0000 C=BSS    S=_BSS           G=DGROUP  M=SOUND      ACBP=48
 3679:E99A 0000 C=BSS    S=_BSS           G=DGROUP  M=STRCAT     ACBP=48
 3679:E99A 0000 C=BSS    S=_BSS           G=DGROUP  M=STRCMP     ACBP=48
 3679:E99A 0000 C=BSS    S=_BSS           G=DGROUP  M=STRCPY     ACBP=48
 3679:E99A 0000 C=BSS    S=_BSS           G=DGROUP  M=STRLEN     ACBP=48
 3679:E99A 0000 C=BSS    S=_BSS           G=DGROUP  M=STRNCMP    ACBP=48
 3679:E99A 0000 C=BSS    S=_BSS           G=DGROUP  M=STRNCPY    ACBP=48
 3679:E99A 0000 C=BSS    S=_BSS           G=DGROUP  M=STRSTR     ACBP=48
 3679:E99A 0000 C=BSS    S=_BSS           G=DGROUP  M=STRUPR     ACBP=48
 3679:E99A 0000 C=BSS    S=_BSS           G=DGROUP  M=UNGETC     ACBP=48
 3679:E99A 0000 C=BSS    S=_BSS           G=DGROUP  M=UNLINK     ACBP=48
 3679:E99A 0000 C=BSS    S=_BSS           G=DGROUP  M=VPRINTER   ACBP=48
 3679:E99A 0000 C=BSS    S=_BSS           G=DGROUP  M=VRAM       ACBP=48
 3679:E99A 0000 C=BSS    S=_BSS           G=DGROUP  M=WRITEA     ACBP=48
 3679:E99A 0000 C=BSSEND S=_BSSEND        G=DGROUP  M=c0.ASM     ACBP=28
 4513:0000 0110 C=STACK  S=_STACK         G=(none)  M=c0.ASM     ACBP=74
 4513:0000 0080 C=STACK  S=_STACK         G=(none)  M=EMUVARS    ACBP=78

  Address         Publics by Name

 2782:18AF idle  @DGROUP
 3679:0000 idle  DATASEG@
 0000:0213 idle  DGROUP@
 24AE:2146       e086_Entry
 24AE:26D4       e086_Shortcut
 2725:0306       e087_Entry
 2725:03C6       e087_Shortcut
 2725:0430       e087_Trap
 24AE:2745 idle  EmuVectorException
 0000:FE32 idle  FIARQQ
 0000:0E32 idle  FICRQQ
 0000:5C32  Abs  FIDRQQ
 0000:1632  Abs  FIERQQ
 0000:0632 idle  FISRQQ
 0000:A23D  Abs  FIWRQQ
 0000:4000 idle  FJARQQ
 0000:C000 idle  FJCRQQ
 0000:8000 idle  FJSRQQ
 0000:106E idle  FTOL@
 0000:106E       F_FTOL@
 0000:5147       F_LDIV@
 0000:5156       F_LMOD@
 0000:514E       F_LUDIV@
 0000:515E idle  F_LUMOD@
 0000:51F5       F_LXLSH@
 0000:512D       F_LXMUL@
 0000:5216       F_LXURSH@
 0000:5335       F_OVERFLOW@
 0000:5237 idle  F_PADD@
 0000:5297 idle  F_PSBP@
 0000:5266 idle  F_PSUB@
 0000:52BF       F_SCOPY@
 0000:0236       GBITMAPXY
 0000:035F       GBITMAPXY_8X16
 0000:02AE       GBITMAPXY_F
 0000:0220 idle  GSETWRITEMODE
 0000:5147 idle  LDIV@
 0000:5156 idle  LMOD@
 0000:514E idle  LUDIV@
 0000:515E idle  LUMOD@
 0000:51F5 idle  LXLSH@
 0000:512D idle  LXMUL@
 0000:5216 idle  LXURSH@
 0000:5144       N_LDIV@
 0000:5153 idle  N_LMOD@
 0000:514B idle  N_LUDIV@
 0000:515B idle  N_LUMOD@
 0000:51F2 idle  N_LXLSH@
 0000:52DB       N_LXMUL@
 0000:5213 idle  N_LXURSH@
 0000:5335 idle  N_OVERFLOW@
 0000:5234       N_PADD@
 0000:52F2       N_PCMP@
 0000:5294       N_PSBP@
 0000:5263 idle  N_PSUB@
 0000:52BC idle  N_SCOPY@
 0000:5335 idle  OVERFLOW@
 0000:5237 idle  PADD@
 0000:5297 idle  PSBP@
 0000:5266 idle  PSUB@
 0000:52BF idle  SCOPY@
 2474:01A9 idle  _A20_ctrl
 0000:01FD       _abort
 0000:2C8C       _abs
 0000:109A       _access
 2782:12FB       _arc
 0000:10D5 idle  _atexit
 0000:065B       _atof
 0000:2D0F idle  _atoi
 0000:2C9A       _atol
 2782:1C88       _bar
 2782:1CAB idle  _bar3d
 0A76:0177       _bar3dn
 0A76:0343       _bar3du
 0A76:051E idle  _bar3dun
 3679:9612 idle  _baudtable
 0C69:0004       _bian
 0000:2D20       _bioskey
 1F15:1B45 idle  _box
 1F15:18C0 idle  _box_kb
 3679:8089       _BOYPATH
 09FB:03C8       _BOY_ADDDEC_TEST
 0B0E:11F6 idle  _BOY_ALL_DISABLE
 0B0E:13D5       _BOY_ALL_ENABLE
 0B0E:000D       _BOY_ALL_TEST
 0A76:0562 idle  _BOY_bar3d
 0D63:0788 idle  _BOY_CHECK_CLEAN
 0D63:08C6       _BOY_CHECK_DISABLE
 0D63:06DB idle  _BOY_CHECK_DRAW
 0D63:0836       _BOY_CHECK_ENABLE
 0D63:020A       _BOY_CHECK_TEST
 0D63:05C1       _BOY_CHECK_TESTm
 1B41:0BB4       _BOY_CHINESE_TEST
 0AF0:01C6       _BOY_CLOSE_ALL
 1B41:090A       _BOY_CODE_GET
 0F84:129F       _BOY_COMBO_DISABLE
 0F84:1393       _BOY_COMBO_ENABLE
 0F84:08DE       _BOY_COMBO_TEST
 0F84:0865       _BOY_COMBO_TESTm
 1266:1132       _BOY_DEL_IMAGEBUF
 1266:124A       _BOY_DEL_IMAGEBUF_ALL
 10C5:000C       _BOY_DESKTOP
 10FA:09C0       _BOY_DIRLIST_DISABLE
 10FA:09A2       _BOY_DIRLIST_ENABLE
 10FA:08A9       _BOY_DIRLIST_TEST
 1266:1076       _BOY_DRAW_ICN
 1266:1028       _BOY_DRAW_PIC
 1197:03A4       _BOY_DRIVELIST_DISABLE
 1197:0386       _BOY_DRIVELIST_ENABLE
 1197:02CA       _BOY_DRIVELIST_TEST
 1197:030F       _BOY_DRIVELIST_TESTm
 11D3:06CD       _BOY_FILELIST_DISABLE
 11D3:06AF       _BOY_FILELIST_ENABLE
 11D3:066E       _BOY_FILELIST_TEST
 364B:0000       _BOY_FILE_NAME
 1AA0:0706       _BOY_GETHZ_COLOR
 1AA0:06F7 idle  _BOY_GETHZ_FONT
 1AA0:06D5 idle  _BOY_GETHZ_XY
 1266:0058       _BOY_GET_IMAGE
 1266:0C53 idle  _BOY_GET_IMAGEF
 1B41:097C       _BOY_GET_TEST
 3629:0001 idle  _BOY_HZ_BUF
 1B41:0C92 idle  _BOY_HZ_GET
 15C6:0037       _BOY_ICON_TEST
 1266:0F55       _BOY_IMAGE_SIZE
 139B:06C0       _BOY_INPUTBOX_DISABLE
 139B:09BF       _BOY_INPUTBOX_ENABLE
 139B:0CEC       _BOY_INPUTBOX_TEST
 139B:16CC       _BOY_INPUTBOX_TESTm
 0C69:0B82       _BOY_KEY3D_DISABLE
 0C69:0A99       _BOY_KEY3D_ENABLE
 0C69:0943       _BOY_KEY3D_TEST
 0C69:09F8       _BOY_KEY3D_TESTm
 1511:0ACD       _BOY_LABEL_TEST
 15E2:0B81       _BOY_LISTED_DISABLE
 15E2:0ACC       _BOY_LISTED_ENABLE
 15E2:044F       _BOY_LISTED_TEST
 16A0:1074 idle  _BOY_MENU_DISABLE
 16A0:1194 idle  _BOY_MENU_DISABLE1
 16A0:1348 idle  _BOY_MENU_ENABLE
 16A0:166F       _BOY_MENU_TEST
 195D:018B       _BOY_MOUSE_BUTTON
 195D:0077 idle  _BOY_MOUSE_DGET
 195D:0052       _BOY_MOUSE_GET
 195D:009C       _BOY_MOUSE_GETALL
 195D:003C       _BOY_MOUSE_HIDE
 195D:0157 idle  _BOY_MOUSE_INBOX
 195D:0042       _BOY_MOUSE_MOVE
 195D:00CD       _BOY_MOUSE_TYPE
 195D:0036       _BOY_MOUSE_VIEW
 1976:0E6F idle  _BOY_OPTION_CLEAN
 1976:0194 idle  _BOY_OPTION_CLEANHELP
 1976:0DA5       _BOY_OPTION_DISABLE
 1976:0ED2 idle  _BOY_OPTION_DRAW
 1976:0CF8       _BOY_OPTION_ENABLE
 1976:0261       _BOY_OPTION_TEST
 1976:09B5       _BOY_OPTION_TESTm
 1AA0:04D4 idle  _BOY_OUT_CHAR
 1AA0:04B8       _BOY_OUT_CHARXY
 1AA0:05D2 idle  _BOY_OUT_HZ
 1AA0:04EC       _BOY_OUT_HZXY
 1AA0:049E idle  _BOY_OUT_TEXT
 1AA0:031D       _BOY_OUT_TEXTXY
 1266:07AD       _BOY_PUT_IMAGE
 1266:0E4B       _BOY_PUT_IMAGEF
 1C84:085A       _BOY_SCROLL_DISABLE
 1C84:081F       _BOY_SCROLL_ENABLE
 1C84:14B1       _BOY_SCROLL_TEST
 1C84:2759       _BOY_SCROLL_TESTm
 1AA0:06FB       _BOY_SETHZ_COLOR
 1AA0:06EC idle  _BOY_SETHZ_FONT
 1AA0:06C4 idle  _BOY_SETHZ_XY
 0AF0:004A       _BOY_SETUP_ALL
 195D:000F       _BOY_SET_MOUSE
 08EB:0142 idle  _BOY_Windows
 1F15:000C       _BOY_WINDOWS_DISABLE
 1F15:039E       _BOY_WINDOWS_ENABLE
 1F15:2065       _BOY_WINDOWS_TEST
 3657:0000       _buffer
 3679:9625 idle  _bufin
 3679:9627 idle  _bufout
 3679:A006 idle  _B_image
 0000:1102       _calloc
 3679:9D04 idle  _Cfont_handle0
 3679:9D08 idle  _Cfont_handle1
 3679:9D0E idle  _CFONT_NAME
 3679:9D0C idle  _CFONT_STYLE
 3679:8088       _change
 0E14:020D idle  _chang_hilow
 0000:2D45       _chdir
 2782:1326       _circle
 2782:0EFD idle  _cleardevice
 2782:0FB3 idle  _clearviewport
 0000:1161       _close
 0700:009B       _CloseDialogWindows
 2782:0E53       _closegraph
 0E14:07D5       _closehzk
 1B41:08DE       _CLOSE_BOY_CHINESE
 16A0:1618       _CLOSE_BOY_MENU
 1F15:3BA5       _CLOSE_BOY_WINDOWS
 1AA0:0000       _close_efont
 3679:8086       _COM
 0970:0282       _Com_Close
 0970:0117       _Com_Init
 3679:8087       _Connect
 0534:0001       _Control
 0000:2DAB       _coreleft
 0000:12C0 idle  _cprintf
 0700:0756       _CreateAboutWindows
 0700:0006       _CreateDialogWindows
 0700:05B0       _CreateErrorWindows
 0700:096C idle  _CreateFileWindows
 0700:066F idle  _CreateInputWindows
 0700:082D       _CreateWarningWindows
 09FB:0001       _CREATE_BOY_ADDDEC
 0A76:065D       _CREATE_BOY_BAR3D
 0D63:000C       _CREATE_BOY_CHECK
 1B41:0651       _CREATE_BOY_CHINESE
 0F84:0730       _CREATE_BOY_COMBO
 10FA:0781       _CREATE_BOY_DIRLIST
 1197:0220       _CREATE_BOY_DRIVELIST
 11D3:056A       _CREATE_BOY_FILELIST
 1241:000B       _CREATE_BOY_FRAME
 15C6:000C       _CREATE_BOY_ICON
 139B:0472       _CREATE_BOY_INPUTBOX
 0C69:0461       _CREATE_BOY_KEY3D
 1511:0094       _CREATE_BOY_LABEL
 15C6:0095       _CREATE_BOY_LINE
 15E2:0097       _CREATE_BOY_LISTED
 16A0:006F       _CREATE_BOY_MENU
 1976:000E       _CREATE_BOY_OPTION
 15C6:019E       _CREATE_BOY_PICTURE
 1C84:089A       _CREATE_BOY_SCROLL
 1F15:0864 idle  _CREATE_BOY_WINDOWS
 1F15:2905       _CREATE_WINDOWS_ALL
 0000:2E11 idle  _creatnew
 0000:2DF6 idle  _creattemp
 3679:65F8 idle  _CS_Dialog
 3679:8084       _current_station
 3679:9D06 idle  _C_font0
 3679:9D0A idle  _C_font1
 0920:0005       _del
 0000:301F       _delay
 2782:0656 idle  _detectgraph
 3679:70D2 idle  _DialogIcon
 3679:6D66 idle  _DialogInputbox
 3679:65FA idle  _DialogKey3d
 3679:69AB       _DialogLabel
 363A:0000       _DialogPath
 3679:7128 idle  _DialogPicture
 3649:0000       _DialogTab
 3643:0000       _DialogTotal
 363F:0000       _DialogType
 3679:717C idle  _DialogWindows
 2B49:0000 idle  _DirBuf
 3679:BACB       _directvideo
 3679:C600 idle  _DirList
 10FA:000B idle  _dir_splite
 1266:000E idle  _diskfree
 3650:0000       _DLGPATH
 3644:0000       _DLL_openname
 364A:0000       _DLL_test
 16A0:2BA3 idle  _do0
 2782:1C48 idle  _drawpoly
 1976:10E0       _draw_button
 1976:11FA idle  _draw_ins_button
 3679:B3D0 idle  _Efont_handle
 2782:1CEC       _ellipse
 2412:0184 idle  _ems_allheadlepages
 3679:E8F2 idle  _ems_baseaddr
 2412:021E idle  _ems_changepagemap
 3679:E8F4       _ems_error
 2412:0125       _ems_free
 2412:015E idle  _ems_freeheadle
 2412:00DB idle  _ems_freepage
 2412:01B8 idle  _ems_getpagemap
 2412:016F idle  _ems_headlepages
 2412:00E9       _ems_malloc
 2412:0281       _ems_move
 2412:00FE idle  _ems_pagemap
 2412:025D idle  _ems_pagemapsize
 2412:00CD idle  _ems_pageseg
 2412:014B idle  _ems_restorepage
 2412:0138 idle  _ems_savepage
 2412:01EB idle  _ems_setpagemap
 2412:00C1 idle  _ems_status
 2412:000A       _ems_test
 2412:00BC idle  _ems_version
 0000:3060       _eof
 3679:007F       _errno
 0000:12DD       _exit
 3679:B3D2 idle  _E_font
 0000:14DD       _farcoreleft
 0000:4E6F       _farfree
 0000:4F5F       _farmalloc
 0000:50BF idle  _farrealloc
 0000:142E       _fclose
 0000:1BEF idle  _fdopen
 0000:152F       _fflush
 0000:323B       _fgetc
 0000:3323 idle  _fgetchar
 0000:3128       _filelength
 1AA0:070A idle  _file_show
 1AA0:0954 idle  _file_switch
 2782:1D1C       _fillellipse
 2782:1C68 idle  _fillpoly
 0000:30C8       _findfirst
 0000:30FB       _findnext
 2782:1F0B       _floodfill
 0000:15FA       _flushall
 0000:163D       _fnmerge
 0000:17AF       _fnsplit
 0000:1B84       _fopen
 0000:1C31       _fprintf
 0000:210D idle  _fputc
 0000:2265 idle  _fputchar
 1976:0F6A idle  _FRAME_OPTION
 0000:1D40       _fread
 0000:4E6F       _free
 0000:1BB6 idle  _freopen
 0000:1DD0       _fscanf
 0000:1E78       _fseek
 3679:C57A idle  _ft
 0000:1EFA idle  _ftell
 0000:1F4A       _fwrite
 2782:1D89 idle  _getarccoords
 2782:1352 idle  _getaspectratio
 0970:000A       _getb
 0E14:0002 idle  _getbit
 2782:13FE idle  _getbkcolor
 0000:332F       _getch
 0000:334B idle  _getche
 2782:13ED       _getcolor
 0000:338B       _getcurdir
 0000:1FDA       _getdate
 2782:1E09       _getdefaultpalette
 0000:33DB       _getdfree
 0700:0377 idle  _GetDialogPath
 0700:004B idle  _GetDialogWindows
 0000:2D5D       _getdisk
 2782:10AF idle  _getdrivername
 0000:33BD idle  _getfat
 0000:33A8 idle  _getfatd
 2782:1264 idle  _getfillpattern
 2782:1213       _getfillsettings
 2782:0DFE idle  _getgraphmode
 2782:20BC       _getimage
 2782:115B       _getlinesettings
 2782:1DD3       _getmaxcolor
 2782:1E47       _getmaxmode
 2782:1089       _getmaxx
 2782:109C       _getmaxy
 2782:10D5 idle  _getmodename
 2782:05B7 idle  _getmoderange
 2782:14F8       _getpalette
 2782:1DEE       _getpalettesize
 2782:207B       _getpixel
 2782:15D7 idle  _gettextsettings
 0000:1FED       _gettime
 0000:3403       _getvect
 2782:0F94 idle  _getviewsettings
 1F15:479A idle  _GetWindowsMax
 2782:106B idle  _getx
 2782:107A idle  _gety
 11D3:0483       _get_cur_dir
 10FA:03D0 idle  _get_dir_name
 11D3:0030 idle  _get_file_name
 11D3:0289 idle  _get_file_num
 2782:0884 idle  _graphdefaults
 2782:0193       _grapherrormsg
 2782:030D       _graphresult
 3679:8070 idle  _Help
 065C:0005       _hex
 0604:0003       _History
 2474:019E idle  _hma_free
 2474:018C idle  _hma_malloc
 3679:C4BE idle  _ht
 3679:A104 idle  _IDNO
 2782:1517       _imagesize
 2782:096A       _initgraph
 1AA0:012A       _init_boy_windows_font
 0E14:082B idle  _init_cfont0
 0E14:097A idle  _init_cfont1
 3679:A03A idle  _INPUT_TEXT_BUF
 2782:0BDE idle  _installuserdriver
 2782:0CCC idle  _installuserfont
 0C69:0067 idle  _ins_key
 0000:3423 idle  _int86
 0000:3454       _int86x
 0000:34ED       _intdos
 0000:351B       _intdosx
 0000:357B       _intr
 0000:361F       _ioctl
 0000:3685       _isatty
 0000:3747       _itoa
 0000:3696       _kbhit
 3679:C51C idle  _kt
 2782:1C25       _line
 2782:1120 idle  _linerel
 2782:10F9 idle  _lineto
 0000:369C       _lseek
 0000:3793       _ltoa
 08EB:0006       _main
 10FA:024B idle  _make_dir
 2412:0267 idle  _make_ptr
 0000:4F55       _malloc
 3679:B5E8 idle  _MAX_X
 3679:B5EA idle  _MAX_Y
 0000:37BD       _memccpy
 0000:37F6       _memchr
 0000:3819       _memcpy
 0000:38D2 idle  _memmove
 0000:3861       _memset
 3679:A118 idle  _mouse_type
 3679:A116       _MOUSE_TYPE_TAB
 1F15:1E86 idle  _movebox
 1F15:1628 idle  _movebox_kb
 2782:104B idle  _moverel
 0000:202E       _movetext
 2782:1024 idle  _moveto
 3679:E8E8 idle  _MOVE_BOX
 0000:3880       _movmem
 0947:009E       _New
 0A76:0009       _new_3dbar
 0000:4502       _nosound
 066A:0002       _Now
 3679:C5FE idle  _OldDir
 0000:3920       _open
 0E14:0AA5       _openhzk
 2782:15F6 idle  _outtext
 2782:1F80       _outtextxy
 3679:9620 idle  _paritytable
 2782:1388 idle  _pieslice
 3677:0000       _PortAddr
 3678:0000       _portf
 2782:18F3 idle  _postdevice
 0000:07BD       _pow10
 0000:20D4       _printf
 0970:009B idle  _putb
 0000:241E       _putch
 0E14:02E3       _puthz16
 0E14:0C26       _puthz163d
 0E14:0677       _puthz24
 0E14:0CC4       _puthz24_2
 0E14:12D7       _puthz24_2_small
 0E14:0EB1       _puthz24_small
 2782:1548       _putimage
 2782:209C       _putpixel
 0000:3CCB       _qsort
 0000:3CF3       _read
 0700:00D1       _ReadDialogWindows
 2412:044B       _read_file_to_ems
 2474:01BC       _read_file_to_xms
 0000:50B8       _realloc
 0970:00E6 idle  _receiver
 0970:03CA       _ReceviceData
 2782:11BD       _rectangle
 0A76:012A       _rectangle_3d_n
 0A76:00DD       _rectangle_3d_u
 0970:0365       _recvice_r
 0970:004E       _Recvice_String
 3679:B5E6 idle  _ReDrawWindows
 1C84:27BD       _REDRAW_BOY_SCROLL
 1F15:2EDD idle  _REDRAW_WINDOWS_ALL
 2782:03F3 idle  _registerfarbgidriver
 2782:04AC idle  _registerfarbgifont
 0000:3DCD       _remove
 0E14:0014 idle  _rename_ext
 2782:0E21 idle  _restorecrtmode
 1F15:476C idle  _RestoreWindows
 10FA:06E2 idle  _restore_DIRLIST
 10FA:0756 idle  _return_DIRLIST
 2782:1D59       _sector
 0000:449A       _segread
 0970:0403 idle  _SendData
 0970:02F0       _sender
 0970:039E       _Send_String
 3679:C350       _Serial
 2782:1A17 idle  _setactivepage
 2782:140F idle  _setallpalette
 2782:1370 idle  _setaspectratio
 2782:13B3 idle  _setbkcolor
 0000:44BA       _setblock
 2782:1DB2       _setcolor
 0700:03AC       _SetDialogPath
 0000:2D63       _setdisk
 2782:1284 idle  _setfillpattern
 2782:1230       _setfillstyle
 2782:0580 idle  _setgraphbufsize
 2782:0D76 idle  _setgraphmode
 2782:117A       _setlinestyle
 0000:383D       _setmem
 2782:14B5 idle  _setpalette
 2782:1E82       _setrgbpalette
 2782:1644       _settextjustify
 2782:1685 idle  _settextstyle
 06EE:0002       _Setup
 2782:1854 idle  _setusercharsize
 0000:2740       _setvbuf
 0000:3412       _setvect
 2782:0F18 idle  _setviewport
 2782:19F4 idle  _setvisualpage
 2782:1A3D       _setwritemode
 1F15:3BD2 idle  _small_menu
 11D3:0002       _sort_fname
 0000:44D6       _sound
 3679:C460 idle  _st
 3639:0000       _station
 3655:0000       _station_sum
 0000:285F       _stpcpy
 0000:4509       _strcat
 0000:4548       _strcmp
 0000:4578       _strcpy
 0000:45A1       _strlen
 0000:2893       _strncat
 0000:45C0       _strncmp
 0000:45F8       _strncpy
 0000:28F5       _strset
 0000:4629       _strstr
 0000:0E00       _strtod
 0000:2954       _strtol
 0000:4697       _strupr
 3679:B3CE idle  _TabSize
 0000:29CB       _tell
 0947:0006 idle  _test
 2782:189E idle  _textheight
 2782:202D       _textwidth
 0000:2A4B idle  _tmpnam
 0000:2A92       _tolower
 1F15:14FE idle  _tuotuanu
 0C69:0D9B idle  _tuoyuanline
 0C69:0C5B idle  _tuoyuann
 0C69:0E6D idle  _tuoyuanu
 0000:3776       _ultoa
 2474:017A idle  _umb_free
 2474:0155 idle  _umb_freemem
 2474:0161 idle  _umb_malloc
 0000:46BE idle  _ungetc
 0000:336F idle  _ungetch
 0000:4729       _unlink
 3656:0000       _vect_com
 0700:13D8 idle  _VerityDisk
 0844:000E       _waitsend
 0000:2AC8 idle  _wherex
 0000:2AD7 idle  _wherey
 09B3:0000       _win111
 3679:B5E2 idle  _WINDOWS_Minh
 3679:B5E4 idle  _WINDOWS_Minl
 0000:2AEA       _write
 0E14:00A8 idle  _write_hz_16
 0E14:0226 idle  _write_hz_24
 2474:013C idle  _xms_embhandle
 3679:E8F6 idle  _xms_error
 2474:0064       _xms_free
 2474:0040 idle  _xms_freemem
 2474:00CA idle  _xms_lock
 2474:004B       _xms_malloc
 2474:0076       _xms_move
 2474:0103 idle  _xms_ptr
 2474:00EE idle  _xms_remalloc
 2474:000C       _xms_test
 2474:00DC idle  _xms_unlock
 2474:0038 idle  _xms_version
 3679:B670 idle  __8087
 0000:1000 idle  __AHINCR
 0000:000C idle  __AHSHIFT
 3679:B7D8       __atexitcnt
 3679:E8FC       __atexittbl
 2782:1B01       __autodetect
 3679:BE72 idle  __backcolor
 3679:BDED       __BGI_ADD
 3679:BC50       __BGI_auto
 3679:BC4C       __BGI_ovr
 0000:1382       __brk
 3679:0089       __brklvl
 3679:006B idle  __C0argc
 3679:006D idle  __C0argv
 0000:2EEB idle  __c0crtinit
 3679:0071 idle  __C0environ
 3679:B3FA       __CHINESE
 0000:2D70       __chmod
 0000:2D8D       __close
 0000:118E       __CPUTN
 0000:2DDE       __creat
 0000:2F08 idle  __crtinit
 3679:B7DA       __ctype
 0000:0000  Abs  __cvtfak
 3679:BDE9       __DDO_ADD
 3679:B684       __default87
 3679:BAD6 idle  __doserrno
 3679:BAD8 idle  __dosErrorToSV
 3679:BE70       __drawcolor
 4513:0000       __emu
 3679:0075 idle  __envLng
 3679:0077 idle  __envseg
 3679:0079 idle  __envSize
 0000:0127       __exit
 3679:B8DC       __exitbuf
 0000:0107       __exitclean
 3679:B8E0       __exitfopen
 3679:B8E4       __exitopen
 0000:3221       __fgetc
 3679:BE71       __fillcolor
 3679:BE74       __fillstyle
 3679:BAA2       __fmode
 3679:BE68       __FON_ADD
 0000:0674       __fperror
 3679:BAA6       __fpstklen
 0000:20EF idle  __fputc
 0000:227C       __FPUTN
 0000:2000       __graphexit
 0000:200E       __graphfreemem
 0000:2020       __graphgetmem
 2782:0329 idle  __GraphNotInstalled
 2782:22E0       __GRP_ovr
 2782:1BD4       __gr_cleardevice
 2782:1B72       __gr_detectgraph
 3679:BE66 idle  __gr_ErrCode
 2782:1E26       __gr_getmodename
 2782:1AB0       __gr_imagesize
 2782:1C08       __gr_lineto
 2782:1BEB       __gr_moveto
 2782:20F9       __gr_putimage
 2782:19B5       __gr_restorecrtmode
 2782:1EC7       __gr_setallpalette
 2782:1E63       __gr_setbkcolor
 2782:1A60       __gr_setfillpattern
 2782:1F50       __gr_setfillstyle
 2782:197F       __gr_setgraphmode
 2782:1EE2       __gr_setlinestyle
 2782:1EA8       __gr_setpalette
 2782:1A93       __gr_settextjustify
 2782:1FB6       __gr_settextstyle
 2782:2007       __gr_setusercharsize
 2782:1953       __gr_setviewport
 2782:205A       __gr_textheight
 3679:0085       __heapbase
 3679:008D       __heaptop
 3679:B724       __huge_dble
 3679:B720 idle  __huge_flt
 3679:B72C idle  __huge_ldble
 3679:B736 idle  __indefinite
 2782:1BAF       __initdevice
 2782:190A       __installdevice
 3679:005B idle  __Int0Vector
 3679:005F idle  __Int4Vector
 3679:0063 idle  __Int5Vector
 3679:0067 idle  __Int6Vector
 0000:3648       __IOERROR
 3679:B681       __LDT
 0000:0722       __LDTRUNC
 3679:BE73       __linestyle
 0000:36C5       __LONGTOA
 0000:29E5       __MKNAME
 0000:0215 idle  __MMODEL
 3679:C8A6       __MOUSE
 0000:3238       __Nfgetc
 0000:3348 idle  __Ngetche
 3679:BAA4       __notUmask
 0000:46BB       __Nungetc
 0000:336C idle  __Nungetch
 0000:3A6C       __open
 3679:BA7A       __openfd
 3679:007D idle  __osmajor
 3679:007E idle  __osminor
 3679:BE7B idle  __OverScanColor
 3679:B680       __protected
 3679:007B       __psp
 0000:3DB1       __read
 0000:5313       __REALCVT
 3679:C2BA       __RealCvtVector
 2782:190F       __reinstalldevice
 0000:0185 idle  __restorezero
 0000:13C1       __sbrk
 0000:3DE5       __scanner
 0000:531F       __scanpop
 0000:531B       __scanrslt
 0000:5317       __scantod
 3679:C2BE       __ScanTodVector
 0000:42F8       __scantol
 0000:256C       __SCREENIO
 0000:2611       __SCROLL
 0000:26C7       __setupio
 3679:0081 idle  __StartTime
 3679:BE6C       __StatOfs
 3679:BE6E       __StatSeg
 3679:BAAE       __stklen
 3679:B8EA       __streams
 3679:B73A idle  __tiny_ldble
 3679:E982 idle  __tmpnum
 0000:0000 idle  __turboCrt
 0000:0000  Abs  __turboCvt
 0000:8087  Abs  __turboFloat
 0000:25AA       __VALIDATEXY
 3679:007D       __version
 3679:BABC       __video
 0000:2E67       __VideoInt
 0000:4759       __VPRINTER
 0000:4C28       __VPTR
 0000:4C4E       __VRAM
 0000:2ABE       __wherexy
 0000:4CC7       __write
 3679:BABA       __wscroll
 0000:0E88       __XCVT
 0000:2C18       __xfclose
 0000:2C52       __xfflush
 0000:4D31 idle  ___first
 0000:0574 idle  ___fpreset
 0000:4D33 idle  ___last
 2782:0178 idle  ___move
 0000:4D35 idle  ___rover
 3679:E97E       ___SignalPtr

  Address         Publics by Value

 0000:0000  Abs  __turboCvt
 0000:0000 idle  __turboCrt
 0000:0000  Abs  __cvtfak
 0000:000C idle  __AHSHIFT
 0000:0632 idle  FISRQQ
 0000:0E32 idle  FICRQQ
 0000:1000 idle  __AHINCR
 0000:1632  Abs  FIERQQ
 0000:4000 idle  FJARQQ
 0000:5C32  Abs  FIDRQQ
 0000:8000 idle  FJSRQQ
 0000:8087  Abs  __turboFloat
 0000:A23D  Abs  FIWRQQ
 0000:C000 idle  FJCRQQ
 0000:FE32 idle  FIARQQ
 0000:0107       __exitclean
 0000:0127       __exit
 0000:0185 idle  __restorezero
 0000:01FD       _abort
 0000:0213 idle  DGROUP@
 0000:0215 idle  __MMODEL
 0000:0220 idle  GSETWRITEMODE
 0000:0236       GBITMAPXY
 0000:02AE       GBITMAPXY_F
 0000:035F       GBITMAPXY_8X16
 0000:0574 idle  ___fpreset
 0000:065B       _atof
 0000:0674       __fperror
 0000:0722       __LDTRUNC
 0000:07BD       _pow10
 0000:0E00       _strtod
 0000:0E88       __XCVT
 0000:106E       F_FTOL@
 0000:106E idle  FTOL@
 0000:109A       _access
 0000:10D5 idle  _atexit
 0000:1102       _calloc
 0000:1161       _close
 0000:118E       __CPUTN
 0000:12C0 idle  _cprintf
 0000:12DD       _exit
 0000:1382       __brk
 0000:13C1       __sbrk
 0000:142E       _fclose
 0000:14DD       _farcoreleft
 0000:152F       _fflush
 0000:15FA       _flushall
 0000:163D       _fnmerge
 0000:17AF       _fnsplit
 0000:1B84       _fopen
 0000:1BB6 idle  _freopen
 0000:1BEF idle  _fdopen
 0000:1C31       _fprintf
 0000:1D40       _fread
 0000:1DD0       _fscanf
 0000:1E78       _fseek
 0000:1EFA idle  _ftell
 0000:1F4A       _fwrite
 0000:1FDA       _getdate
 0000:1FED       _gettime
 0000:2000       __graphexit
 0000:200E       __graphfreemem
 0000:2020       __graphgetmem
 0000:202E       _movetext
 0000:20D4       _printf
 0000:20EF idle  __fputc
 0000:210D idle  _fputc
 0000:2265 idle  _fputchar
 0000:227C       __FPUTN
 0000:241E       _putch
 0000:256C       __SCREENIO
 0000:25AA       __VALIDATEXY
 0000:2611       __SCROLL
 0000:26C7       __setupio
 0000:2740       _setvbuf
 0000:285F       _stpcpy
 0000:2893       _strncat
 0000:28F5       _strset
 0000:2954       _strtol
 0000:29CB       _tell
 0000:29E5       __MKNAME
 0000:2A4B idle  _tmpnam
 0000:2A92       _tolower
 0000:2ABE       __wherexy
 0000:2AC8 idle  _wherex
 0000:2AD7 idle  _wherey
 0000:2AEA       _write
 0000:2C18       __xfclose
 0000:2C52       __xfflush
 0000:2C8C       _abs
 0000:2C9A       _atol
 0000:2D0F idle  _atoi
 0000:2D20       _bioskey
 0000:2D45       _chdir
 0000:2D5D       _getdisk
 0000:2D63       _setdisk
 0000:2D70       __chmod
 0000:2D8D       __close
 0000:2DAB       _coreleft
 0000:2DDE       __creat
 0000:2DF6 idle  _creattemp
 0000:2E11 idle  _creatnew
 0000:2E67       __VideoInt
 0000:2EEB idle  __c0crtinit
 0000:2F08 idle  __crtinit
 0000:301F       _delay
 0000:3060       _eof
 0000:30C8       _findfirst
 0000:30FB       _findnext
 0000:3128       _filelength
 0000:3221       __fgetc
 0000:3238       __Nfgetc
 0000:323B       _fgetc
 0000:3323 idle  _fgetchar
 0000:332F       _getch
 0000:3348 idle  __Ngetche
 0000:334B idle  _getche
 0000:336C idle  __Nungetch
 0000:336F idle  _ungetch
 0000:338B       _getcurdir
 0000:33A8 idle  _getfatd
 0000:33BD idle  _getfat
 0000:33DB       _getdfree
 0000:3403       _getvect
 0000:3412       _setvect
 0000:3423 idle  _int86
 0000:3454       _int86x
 0000:34ED       _intdos
 0000:351B       _intdosx
 0000:357B       _intr
 0000:361F       _ioctl
 0000:3648       __IOERROR
 0000:3685       _isatty
 0000:3696       _kbhit
 0000:369C       _lseek
 0000:36C5       __LONGTOA
 0000:3747       _itoa
 0000:3776       _ultoa
 0000:3793       _ltoa
 0000:37BD       _memccpy
 0000:37F6       _memchr
 0000:3819       _memcpy
 0000:383D       _setmem
 0000:3861       _memset
 0000:3880       _movmem
 0000:38D2 idle  _memmove
 0000:3920       _open
 0000:3A6C       __open
 0000:3CCB       _qsort
 0000:3CF3       _read
 0000:3DB1       __read
 0000:3DCD       _remove
 0000:3DE5       __scanner
 0000:42F8       __scantol
 0000:449A       _segread
 0000:44BA       _setblock
 0000:44D6       _sound
 0000:4502       _nosound
 0000:4509       _strcat
 0000:4548       _strcmp
 0000:4578       _strcpy
 0000:45A1       _strlen
 0000:45C0       _strncmp
 0000:45F8       _strncpy
 0000:4629       _strstr
 0000:4697       _strupr
 0000:46BB       __Nungetc
 0000:46BE idle  _ungetc
 0000:4729       _unlink
 0000:4759       __VPRINTER
 0000:4C28       __VPTR
 0000:4C4E       __VRAM
 0000:4CC7       __write
 0000:4D31 idle  ___first
 0000:4D33 idle  ___last
 0000:4D35 idle  ___rover
 0000:4E6F       _free
 0000:4E6F       _farfree
 0000:4F55       _malloc
 0000:4F5F       _farmalloc
 0000:50B8       _realloc
 0000:50BF idle  _farrealloc
 0000:512D       F_LXMUL@
 0000:512D idle  LXMUL@
 0000:5144       N_LDIV@
 0000:5147       F_LDIV@
 0000:5147 idle  LDIV@
 0000:514B idle  N_LUDIV@
 0000:514E       F_LUDIV@
 0000:514E idle  LUDIV@
 0000:5153 idle  N_LMOD@
 0000:5156       F_LMOD@
 0000:5156 idle  LMOD@
 0000:515B idle  N_LUMOD@
 0000:515E idle  LUMOD@
 0000:515E idle  F_LUMOD@
 0000:51F2 idle  N_LXLSH@
 0000:51F5       F_LXLSH@
 0000:51F5 idle  LXLSH@
 0000:5213 idle  N_LXURSH@
 0000:5216       F_LXURSH@
 0000:5216 idle  LXURSH@
 0000:5234       N_PADD@
 0000:5237 idle  F_PADD@
 0000:5237 idle  PADD@
 0000:5263 idle  N_PSUB@
 0000:5266 idle  F_PSUB@
 0000:5266 idle  PSUB@
 0000:5294       N_PSBP@
 0000:5297 idle  PSBP@
 0000:5297 idle  F_PSBP@
 0000:52BC idle  N_SCOPY@
 0000:52BF idle  SCOPY@
 0000:52BF       F_SCOPY@
 0000:52DB       N_LXMUL@
 0000:52F2       N_PCMP@
 0000:5313       __REALCVT
 0000:5317       __scantod
 0000:531B       __scanrslt
 0000:531F       __scanpop
 0000:5335       F_OVERFLOW@
 0000:5335 idle  N_OVERFLOW@
 0000:5335 idle  OVERFLOW@
 0534:0001       _Control
 0604:0003       _History
 065C:0005       _hex
 066A:0002       _Now
 06EE:0002       _Setup
 0700:0006       _CreateDialogWindows
 0700:004B idle  _GetDialogWindows
 0700:009B       _CloseDialogWindows
 0700:00D1       _ReadDialogWindows
 0700:0377 idle  _GetDialogPath
 0700:03AC       _SetDialogPath
 0700:05B0       _CreateErrorWindows
 0700:066F idle  _CreateInputWindows
 0700:0756       _CreateAboutWindows
 0700:082D       _CreateWarningWindows
 0700:096C idle  _CreateFileWindows
 0700:13D8 idle  _VerityDisk
 0844:000E       _waitsend
 08EB:0006       _main
 08EB:0142 idle  _BOY_Windows
 0920:0005       _del
 0947:0006 idle  _test
 0947:009E       _New
 0970:000A       _getb
 0970:004E       _Recvice_String
 0970:009B idle  _putb
 0970:00E6 idle  _receiver
 0970:0117       _Com_Init
 0970:0282       _Com_Close
 0970:02F0       _sender
 0970:0365       _recvice_r
 0970:039E       _Send_String
 0970:03CA       _ReceviceData
 0970:0403 idle  _SendData
 09B3:0000       _win111
 09FB:0001       _CREATE_BOY_ADDDEC
 09FB:03C8       _BOY_ADDDEC_TEST
 0A76:0009       _new_3dbar
 0A76:00DD       _rectangle_3d_u
 0A76:012A       _rectangle_3d_n
 0A76:0177       _bar3dn
 0A76:0343       _bar3du
 0A76:051E idle  _bar3dun
 0A76:0562 idle  _BOY_bar3d
 0A76:065D       _CREATE_BOY_BAR3D
 0AF0:004A       _BOY_SETUP_ALL
 0AF0:01C6       _BOY_CLOSE_ALL
 0B0E:000D       _BOY_ALL_TEST
 0B0E:11F6 idle  _BOY_ALL_DISABLE
 0B0E:13D5       _BOY_ALL_ENABLE
 0C69:0004       _bian
 0C69:0067 idle  _ins_key
 0C69:0461       _CREATE_BOY_KEY3D
 0C69:0943       _BOY_KEY3D_TEST
 0C69:09F8       _BOY_KEY3D_TESTm
 0C69:0A99       _BOY_KEY3D_ENABLE
 0C69:0B82       _BOY_KEY3D_DISABLE
 0C69:0C5B idle  _tuoyuann
 0C69:0D9B idle  _tuoyuanline
 0C69:0E6D idle  _tuoyuanu
 0D63:000C       _CREATE_BOY_CHECK
 0D63:020A       _BOY_CHECK_TEST
 0D63:05C1       _BOY_CHECK_TESTm
 0D63:06DB idle  _BOY_CHECK_DRAW
 0D63:0788 idle  _BOY_CHECK_CLEAN
 0D63:0836       _BOY_CHECK_ENABLE
 0D63:08C6       _BOY_CHECK_DISABLE
 0E14:0002 idle  _getbit
 0E14:0014 idle  _rename_ext
 0E14:00A8 idle  _write_hz_16
 0E14:020D idle  _chang_hilow
 0E14:0226 idle  _write_hz_24
 0E14:02E3       _puthz16
 0E14:0677       _puthz24
 0E14:07D5       _closehzk
 0E14:082B idle  _init_cfont0
 0E14:097A idle  _init_cfont1
 0E14:0AA5       _openhzk
 0E14:0C26       _puthz163d
 0E14:0CC4       _puthz24_2
 0E14:0EB1       _puthz24_small
 0E14:12D7       _puthz24_2_small
 0F84:0730       _CREATE_BOY_COMBO
 0F84:0865       _BOY_COMBO_TESTm
 0F84:08DE       _BOY_COMBO_TEST
 0F84:129F       _BOY_COMBO_DISABLE
 0F84:1393       _BOY_COMBO_ENABLE
 10C5:000C       _BOY_DESKTOP
 10FA:000B idle  _dir_splite
 10FA:024B idle  _make_dir
 10FA:03D0 idle  _get_dir_name
 10FA:06E2 idle  _restore_DIRLIST
 10FA:0756 idle  _return_DIRLIST
 10FA:0781       _CREATE_BOY_DIRLIST
 10FA:08A9       _BOY_DIRLIST_TEST
 10FA:09A2       _BOY_DIRLIST_ENABLE
 10FA:09C0       _BOY_DIRLIST_DISABLE
 1197:0220       _CREATE_BOY_DRIVELIST
 1197:02CA       _BOY_DRIVELIST_TEST
 1197:030F       _BOY_DRIVELIST_TESTm
 1197:0386       _BOY_DRIVELIST_ENABLE
 1197:03A4       _BOY_DRIVELIST_DISABLE
 11D3:0002       _sort_fname
 11D3:0030 idle  _get_file_name
 11D3:0289 idle  _get_file_num
 11D3:0483       _get_cur_dir
 11D3:056A       _CREATE_BOY_FILELIST
 11D3:066E       _BOY_FILELIST_TEST
 11D3:06AF       _BOY_FILELIST_ENABLE
 11D3:06CD       _BOY_FILELIST_DISABLE
 1241:000B       _CREATE_BOY_FRAME
 1266:000E idle  _diskfree
 1266:0058       _BOY_GET_IMAGE
 1266:07AD       _BOY_PUT_IMAGE
 1266:0C53 idle  _BOY_GET_IMAGEF
 1266:0E4B       _BOY_PUT_IMAGEF
 1266:0F55       _BOY_IMAGE_SIZE
 1266:1028       _BOY_DRAW_PIC
 1266:1076       _BOY_DRAW_ICN
 1266:1132       _BOY_DEL_IMAGEBUF
 1266:124A       _BOY_DEL_IMAGEBUF_ALL
 139B:0472       _CREATE_BOY_INPUTBOX
 139B:06C0       _BOY_INPUTBOX_DISABLE
 139B:09BF       _BOY_INPUTBOX_ENABLE
 139B:0CEC       _BOY_INPUTBOX_TEST
 139B:16CC       _BOY_INPUTBOX_TESTm
 1511:0094       _CREATE_BOY_LABEL
 1511:0ACD       _BOY_LABEL_TEST
 15C6:000C       _CREATE_BOY_ICON
 15C6:0037       _BOY_ICON_TEST
 15C6:0095       _CREATE_BOY_LINE
 15C6:019E       _CREATE_BOY_PICTURE
 15E2:0097       _CREATE_BOY_LISTED
 15E2:044F       _BOY_LISTED_TEST
 15E2:0ACC       _BOY_LISTED_ENABLE
 15E2:0B81       _BOY_LISTED_DISABLE
 16A0:006F       _CREATE_BOY_MENU
 16A0:1074 idle  _BOY_MENU_DISABLE
 16A0:1194 idle  _BOY_MENU_DISABLE1
 16A0:1348 idle  _BOY_MENU_ENABLE
 16A0:1618       _CLOSE_BOY_MENU
 16A0:166F       _BOY_MENU_TEST
 16A0:2BA3 idle  _do0
 195D:000F       _BOY_SET_MOUSE
 195D:0036       _BOY_MOUSE_VIEW
 195D:003C       _BOY_MOUSE_HIDE
 195D:0042       _BOY_MOUSE_MOVE
 195D:0052       _BOY_MOUSE_GET
 195D:0077 idle  _BOY_MOUSE_DGET
 195D:009C       _BOY_MOUSE_GETALL
 195D:00CD       _BOY_MOUSE_TYPE
 195D:0157 idle  _BOY_MOUSE_INBOX
 195D:018B       _BOY_MOUSE_BUTTON
 1976:000E       _CREATE_BOY_OPTION
 1976:0194 idle  _BOY_OPTION_CLEANHELP
 1976:0261       _BOY_OPTION_TEST
 1976:09B5       _BOY_OPTION_TESTm
 1976:0CF8       _BOY_OPTION_ENABLE
 1976:0DA5       _BOY_OPTION_DISABLE
 1976:0E6F idle  _BOY_OPTION_CLEAN
 1976:0ED2 idle  _BOY_OPTION_DRAW
 1976:0F6A idle  _FRAME_OPTION
 1976:10E0       _draw_button
 1976:11FA idle  _draw_ins_button
 1AA0:0000       _close_efont
 1AA0:012A       _init_boy_windows_font
 1AA0:031D       _BOY_OUT_TEXTXY
 1AA0:049E idle  _BOY_OUT_TEXT
 1AA0:04B8       _BOY_OUT_CHARXY
 1AA0:04D4 idle  _BOY_OUT_CHAR
 1AA0:04EC       _BOY_OUT_HZXY
 1AA0:05D2 idle  _BOY_OUT_HZ
 1AA0:06C4 idle  _BOY_SETHZ_XY
 1AA0:06D5 idle  _BOY_GETHZ_XY
 1AA0:06EC idle  _BOY_SETHZ_FONT
 1AA0:06F7 idle  _BOY_GETHZ_FONT
 1AA0:06FB       _BOY_SETHZ_COLOR
 1AA0:0706       _BOY_GETHZ_COLOR
 1AA0:070A idle  _file_show
 1AA0:0954 idle  _file_switch
 1B41:0651       _CREATE_BOY_CHINESE
 1B41:08DE       _CLOSE_BOY_CHINESE
 1B41:090A       _BOY_CODE_GET
 1B41:097C       _BOY_GET_TEST
 1B41:0BB4       _BOY_CHINESE_TEST
 1B41:0C92 idle  _BOY_HZ_GET
 1C84:081F       _BOY_SCROLL_ENABLE
 1C84:085A       _BOY_SCROLL_DISABLE
 1C84:089A       _CREATE_BOY_SCROLL
 1C84:14B1       _BOY_SCROLL_TEST
 1C84:2759       _BOY_SCROLL_TESTm
 1C84:27BD       _REDRAW_BOY_SCROLL
 1F15:000C       _BOY_WINDOWS_DISABLE
 1F15:039E       _BOY_WINDOWS_ENABLE
 1F15:0864 idle  _CREATE_BOY_WINDOWS
 1F15:14FE idle  _tuotuanu
 1F15:1628 idle  _movebox_kb
 1F15:18C0 idle  _box_kb
 1F15:1B45 idle  _box
 1F15:1E86 idle  _movebox
 1F15:2065       _BOY_WINDOWS_TEST
 1F15:2905       _CREATE_WINDOWS_ALL
 1F15:2EDD idle  _REDRAW_WINDOWS_ALL
 1F15:3BA5       _CLOSE_BOY_WINDOWS
 1F15:3BD2 idle  _small_menu
 1F15:476C idle  _RestoreWindows
 1F15:479A idle  _GetWindowsMax
 2412:000A       _ems_test
 2412:00BC idle  _ems_version
 2412:00C1 idle  _ems_status
 2412:00CD idle  _ems_pageseg
 2412:00DB idle  _ems_freepage
 2412:00E9       _ems_malloc
 2412:00FE idle  _ems_pagemap
 2412:0125       _ems_free
 2412:0138 idle  _ems_savepage
 2412:014B idle  _ems_restorepage
 2412:015E idle  _ems_freeheadle
 2412:016F idle  _ems_headlepages
 2412:0184 idle  _ems_allheadlepages
 2412:01B8 idle  _ems_getpagemap
 2412:01EB idle  _ems_setpagemap
 2412:021E idle  _ems_changepagemap
 2412:025D idle  _ems_pagemapsize
 2412:0267 idle  _make_ptr
 2412:0281       _ems_move
 2412:044B       _read_file_to_ems
 2474:000C       _xms_test
 2474:0038 idle  _xms_version
 2474:0040 idle  _xms_freemem
 2474:004B       _xms_malloc
 2474:0064       _xms_free
 2474:0076       _xms_move
 2474:00CA idle  _xms_lock
 2474:00DC idle  _xms_unlock
 2474:00EE idle  _xms_remalloc
 2474:0103 idle  _xms_ptr
 2474:013C idle  _xms_embhandle
 2474:0155 idle  _umb_freemem
 2474:0161 idle  _umb_malloc
 2474:017A idle  _umb_free
 2474:018C idle  _hma_malloc
 2474:019E idle  _hma_free
 2474:01A9 idle  _A20_ctrl
 2474:01BC       _read_file_to_xms
 24AE:2146       e086_Entry
 24AE:26D4       e086_Shortcut
 24AE:2745 idle  EmuVectorException
 2725:0306       e087_Entry
 2725:03C6       e087_Shortcut
 2725:0430       e087_Trap
 2782:0178 idle  ___move
 2782:0193       _grapherrormsg
 2782:030D       _graphresult
 2782:0329 idle  __GraphNotInstalled
 2782:03F3 idle  _registerfarbgidriver
 2782:04AC idle  _registerfarbgifont
 2782:0580 idle  _setgraphbufsize
 2782:05B7 idle  _getmoderange
 2782:0656 idle  _detectgraph
 2782:0884 idle  _graphdefaults
 2782:096A       _initgraph
 2782:0BDE idle  _installuserdriver
 2782:0CCC idle  _installuserfont
 2782:0D76 idle  _setgraphmode
 2782:0DFE idle  _getgraphmode
 2782:0E21 idle  _restorecrtmode
 2782:0E53       _closegraph
 2782:0EFD idle  _cleardevice
 2782:0F18 idle  _setviewport
 2782:0F94 idle  _getviewsettings
 2782:0FB3 idle  _clearviewport
 2782:1024 idle  _moveto
 2782:104B idle  _moverel
 2782:106B idle  _getx
 2782:107A idle  _gety
 2782:1089       _getmaxx
 2782:109C       _getmaxy
 2782:10AF idle  _getdrivername
 2782:10D5 idle  _getmodename
 2782:10F9 idle  _lineto
 2782:1120 idle  _linerel
 2782:115B       _getlinesettings
 2782:117A       _setlinestyle
 2782:11BD       _rectangle
 2782:1213       _getfillsettings
 2782:1230       _setfillstyle
 2782:1264 idle  _getfillpattern
 2782:1284 idle  _setfillpattern
 2782:12FB       _arc
 2782:1326       _circle
 2782:1352 idle  _getaspectratio
 2782:1370 idle  _setaspectratio
 2782:1388 idle  _pieslice
 2782:13B3 idle  _setbkcolor
 2782:13ED       _getcolor
 2782:13FE idle  _getbkcolor
 2782:140F idle  _setallpalette
 2782:14B5 idle  _setpalette
 2782:14F8       _getpalette
 2782:1517       _imagesize
 2782:1548       _putimage
 2782:15D7 idle  _gettextsettings
 2782:15F6 idle  _outtext
 2782:1644       _settextjustify
 2782:1685 idle  _settextstyle
 2782:1854 idle  _setusercharsize
 2782:189E idle  _textheight
 2782:18AF idle  @DGROUP
 2782:18F3 idle  _postdevice
 2782:190A       __installdevice
 2782:190F       __reinstalldevice
 2782:1953       __gr_setviewport
 2782:197F       __gr_setgraphmode
 2782:19B5       __gr_restorecrtmode
 2782:19F4 idle  _setvisualpage
 2782:1A17 idle  _setactivepage
 2782:1A3D       _setwritemode
 2782:1A60       __gr_setfillpattern
 2782:1A93       __gr_settextjustify
 2782:1AB0       __gr_imagesize
 2782:1B01       __autodetect
 2782:1B72       __gr_detectgraph
 2782:1BAF       __initdevice
 2782:1BD4       __gr_cleardevice
 2782:1BEB       __gr_moveto
 2782:1C08       __gr_lineto
 2782:1C25       _line
 2782:1C48 idle  _drawpoly
 2782:1C68 idle  _fillpoly
 2782:1C88       _bar
 2782:1CAB idle  _bar3d
 2782:1CEC       _ellipse
 2782:1D1C       _fillellipse
 2782:1D59       _sector
 2782:1D89 idle  _getarccoords
 2782:1DB2       _setcolor
 2782:1DD3       _getmaxcolor
 2782:1DEE       _getpalettesize
 2782:1E09       _getdefaultpalette
 2782:1E26       __gr_getmodename
 2782:1E47       _getmaxmode
 2782:1E63       __gr_setbkcolor
 2782:1E82       _setrgbpalette
 2782:1EA8       __gr_setpalette
 2782:1EC7       __gr_setallpalette
 2782:1EE2       __gr_setlinestyle
 2782:1F0B       _floodfill
 2782:1F50       __gr_setfillstyle
 2782:1F80       _outtextxy
 2782:1FB6       __gr_settextstyle
 2782:2007       __gr_setusercharsize
 2782:202D       _textwidth
 2782:205A       __gr_textheight
 2782:207B       _getpixel
 2782:209C       _putpixel
 2782:20BC       _getimage
 2782:20F9       __gr_putimage
 2782:22E0       __GRP_ovr
 2B49:0000 idle  _DirBuf
 3629:0001 idle  _BOY_HZ_BUF
 3639:0000       _station
 363A:0000       _DialogPath
 363F:0000       _DialogType
 3643:0000       _DialogTotal
 3644:0000       _DLL_openname
 3649:0000       _DialogTab
 364A:0000       _DLL_test
 364B:0000       _BOY_FILE_NAME
 3650:0000       _DLGPATH
 3655:0000       _station_sum
 3656:0000       _vect_com
 3657:0000       _buffer
 3677:0000       _PortAddr
 3678:0000       _portf
 3679:0000 idle  DATASEG@
 3679:005B idle  __Int0Vector
 3679:005F idle  __Int4Vector
 3679:0063 idle  __Int5Vector
 3679:0067 idle  __Int6Vector
 3679:006B idle  __C0argc
 3679:006D idle  __C0argv
 3679:0071 idle  __C0environ
 3679:0075 idle  __envLng
 3679:0077 idle  __envseg
 3679:0079 idle  __envSize
 3679:007B       __psp
 3679:007D idle  __osmajor
 3679:007D       __version
 3679:007E idle  __osminor
 3679:007F       _errno
 3679:0081 idle  __StartTime
 3679:0085       __heapbase
 3679:0089       __brklvl
 3679:008D       __heaptop
 3679:65F8 idle  _CS_Dialog
 3679:65FA idle  _DialogKey3d
 3679:69AB       _DialogLabel
 3679:6D66 idle  _DialogInputbox
 3679:70D2 idle  _DialogIcon
 3679:7128 idle  _DialogPicture
 3679:717C idle  _DialogWindows
 3679:8070 idle  _Help
 3679:8084       _current_station
 3679:8086       _COM
 3679:8087       _Connect
 3679:8088       _change
 3679:8089       _BOYPATH
 3679:9612 idle  _baudtable
 3679:9620 idle  _paritytable
 3679:9625 idle  _bufin
 3679:9627 idle  _bufout
 3679:9D04 idle  _Cfont_handle0
 3679:9D06 idle  _C_font0
 3679:9D08 idle  _Cfont_handle1
 3679:9D0A idle  _C_font1
 3679:9D0C idle  _CFONT_STYLE
 3679:9D0E idle  _CFONT_NAME
 3679:A006 idle  _B_image
 3679:A03A idle  _INPUT_TEXT_BUF
 3679:A104 idle  _IDNO
 3679:A116       _MOUSE_TYPE_TAB
 3679:A118 idle  _mouse_type
 3679:B3CE idle  _TabSize
 3679:B3D0 idle  _Efont_handle
 3679:B3D2 idle  _E_font
 3679:B3FA       __CHINESE
 3679:B5E2 idle  _WINDOWS_Minh
 3679:B5E4 idle  _WINDOWS_Minl
 3679:B5E6 idle  _ReDrawWindows
 3679:B5E8 idle  _MAX_X
 3679:B5EA idle  _MAX_Y
 3679:B670 idle  __8087
 3679:B680       __protected
 3679:B681       __LDT
 3679:B684       __default87
 3679:B720 idle  __huge_flt
 3679:B724       __huge_dble
 3679:B72C idle  __huge_ldble
 3679:B736 idle  __indefinite
 3679:B73A idle  __tiny_ldble
 3679:B7D8       __atexitcnt
 3679:B7DA       __ctype
 3679:B8DC       __exitbuf
 3679:B8E0       __exitfopen
 3679:B8E4       __exitopen
 3679:B8EA       __streams
 3679:BA7A       __openfd
 3679:BAA2       __fmode
 3679:BAA4       __notUmask
 3679:BAA6       __fpstklen
 3679:BAAE       __stklen
 3679:BABA       __wscroll
 3679:BABC       __video
 3679:BACB       _directvideo
 3679:BAD6 idle  __doserrno
 3679:BAD8 idle  __dosErrorToSV
 3679:BC4C       __BGI_ovr
 3679:BC50       __BGI_auto
 3679:BDE9       __DDO_ADD
 3679:BDED       __BGI_ADD
 3679:BE66 idle  __gr_ErrCode
 3679:BE68       __FON_ADD
 3679:BE6C       __StatOfs
 3679:BE6E       __StatSeg
 3679:BE70       __drawcolor
 3679:BE71       __fillcolor
 3679:BE72 idle  __backcolor
 3679:BE73       __linestyle
 3679:BE74       __fillstyle
 3679:BE7B idle  __OverScanColor
 3679:C2BA       __RealCvtVector
 3679:C2BE       __ScanTodVector
 3679:C350       _Serial
 3679:C460 idle  _st
 3679:C4BE idle  _ht
 3679:C51C idle  _kt
 3679:C57A idle  _ft
 3679:C5FE idle  _OldDir
 3679:C600 idle  _DirList
 3679:C8A6       __MOUSE
 3679:E8E8 idle  _MOVE_BOX
 3679:E8F2 idle  _ems_baseaddr
 3679:E8F4       _ems_error
 3679:E8F6 idle  _xms_error
 3679:E8FC       __atexittbl
 3679:E97E       ___SignalPtr
 3679:E982 idle  __tmpnum
 4513:0000       __emu

Program entry point at 0000:0000

